2026-06-06 07:35:19,827: Logging to /storage/homefs/tn20y076/AareML/results/nh_run/aareml_ealstm_0606_073519/output.log initialized.
2026-06-06 07:35:19,828: ### Folder structure created at /storage/homefs/tn20y076/AareML/results/nh_run/aareml_ealstm_0606_073519
2026-06-06 07:35:19,829: ### Run configurations for aareml_ealstm
2026-06-06 07:35:19,829: experiment_name: aareml_ealstm
2026-06-06 07:35:19,829: run_dir: /storage/homefs/tn20y076/AareML/results/nh_run/aareml_ealstm_0606_073519
2026-06-06 07:35:19,829: train_basin_file: /storage/homefs/tn20y076/AareML/data/nh_dataset/basins_train.txt
2026-06-06 07:35:19,829: validation_basin_file: /storage/homefs/tn20y076/AareML/data/nh_dataset/basins_val.txt
2026-06-06 07:35:19,830: test_basin_file: /storage/homefs/tn20y076/AareML/data/nh_dataset/basins_test.txt
2026-06-06 07:35:19,830: dataset: generic
2026-06-06 07:35:19,830: data_dir: /storage/homefs/tn20y076/AareML/data/nh_dataset
2026-06-06 07:35:19,831: dynamic_inputs: ['water_temperature', 'pH', 'EC']
2026-06-06 07:35:19,831: target_variables: ['dissolved_oxygen']
2026-06-06 07:35:19,831: static_attributes: ['log_area', 'elev_mean', 'aridity', 'p_mean', 'frac_snow', 'runoff_ratio', 'pet_mean', 'forest_frac', 'crop_frac', 'urban_frac']
2026-06-06 07:35:19,831: train_start_date: 1981-01-01 00:00:00
2026-06-06 07:35:19,831: train_end_date: 2014-12-31 00:00:00
2026-06-06 07:35:19,832: validation_start_date: 2015-01-01 00:00:00
2026-06-06 07:35:19,832: validation_end_date: 2016-12-31 00:00:00
2026-06-06 07:35:19,832: test_start_date: 2017-01-01 00:00:00
2026-06-06 07:35:19,832: test_end_date: 2020-12-31 00:00:00
2026-06-06 07:35:19,832: seq_length: 21
2026-06-06 07:35:19,833: predict_last_n: 14
2026-06-06 07:35:19,833: model: ealstm
2026-06-06 07:35:19,833: head: regression
2026-06-06 07:35:19,833: hidden_size: 128
2026-06-06 07:35:19,834: initial_forget_bias: 3
2026-06-06 07:35:19,834: output_dropout: 0.4
2026-06-06 07:35:19,834: batch_size: 256
2026-06-06 07:35:19,834: epochs: 30
2026-06-06 07:35:19,834: learning_rate: {0: 0.001, 10: 0.0005}
2026-06-06 07:35:19,835: optimizer: Adam
2026-06-06 07:35:19,835: clip_gradient_norm: 1.0
2026-06-06 07:35:19,835: loss: NSE
2026-06-06 07:35:19,835: metrics: ['NSE', 'RMSE', 'KGE']
2026-06-06 07:35:19,835: log_tensorboard: False
2026-06-06 07:35:19,836: save_git_diff: False
2026-06-06 07:35:19,836: seed: 42
2026-06-06 07:35:19,836: device: cuda:0
2026-06-06 07:35:19,836: num_workers: 4
2026-06-06 07:35:19,836: number_of_basins: 16
2026-06-06 07:35:19,837: train_dir: /storage/homefs/tn20y076/AareML/results/nh_run/aareml_ealstm_0606_073519/train_data
2026-06-06 07:35:19,837: img_log_dir: /storage/homefs/tn20y076/AareML/results/nh_run/aareml_ealstm_0606_073519/img_log
2026-06-06 07:35:19,946: ### Device cuda:0 will be used for training
2026-06-06 07:35:20,086: Loading basin data into xarray data set.
2026-06-06 07:35:20,471: Calculating target variable stds per basin
2026-06-06 07:35:20,775: Create lookup table and convert to pytorch tensor
2026-06-06 07:35:42,268: Epoch 1 average loss: avg_loss: 0.14765, avg_total_loss: 0.14765
2026-06-06 07:35:45,787: Epoch 2 average loss: avg_loss: 0.10523, avg_total_loss: 0.10523
2026-06-06 07:35:49,195: Epoch 3 average loss: avg_loss: 0.09274, avg_total_loss: 0.09274
2026-06-06 07:35:52,599: Epoch 4 average loss: avg_loss: 0.08579, avg_total_loss: 0.08579
2026-06-06 07:35:56,135: Epoch 5 average loss: avg_loss: 0.08128, avg_total_loss: 0.08128
2026-06-06 07:35:59,529: Epoch 6 average loss: avg_loss: 0.07915, avg_total_loss: 0.07915
2026-06-06 07:36:02,940: Epoch 7 average loss: avg_loss: 0.07729, avg_total_loss: 0.07729
2026-06-06 07:36:06,361: Epoch 8 average loss: avg_loss: 0.07553, avg_total_loss: 0.07553
2026-06-06 07:36:09,754: Epoch 9 average loss: avg_loss: 0.07418, avg_total_loss: 0.07418
2026-06-06 07:36:09,759: Setting learning rate to 0.0005
2026-06-06 07:36:13,155: Epoch 10 average loss: avg_loss: 0.07180, avg_total_loss: 0.07180
2026-06-06 07:36:16,567: Epoch 11 average loss: avg_loss: 0.07069, avg_total_loss: 0.07069
2026-06-06 07:36:19,955: Epoch 12 average loss: avg_loss: 0.07031, avg_total_loss: 0.07031
2026-06-06 07:36:23,372: Epoch 13 average loss: avg_loss: 0.06972, avg_total_loss: 0.06972
2026-06-06 07:36:26,762: Epoch 14 average loss: avg_loss: 0.06900, avg_total_loss: 0.06900
2026-06-06 07:36:30,145: Epoch 15 average loss: avg_loss: 0.06861, avg_total_loss: 0.06861
2026-06-06 07:36:33,545: Epoch 16 average loss: avg_loss: 0.06800, avg_total_loss: 0.06800
2026-06-06 07:36:36,965: Epoch 17 average loss: avg_loss: 0.06771, avg_total_loss: 0.06771
2026-06-06 07:36:40,372: Epoch 18 average loss: avg_loss: 0.06717, avg_total_loss: 0.06717
2026-06-06 07:36:43,751: Epoch 19 average loss: avg_loss: 0.06681, avg_total_loss: 0.06681
2026-06-06 07:36:47,142: Epoch 20 average loss: avg_loss: 0.06633, avg_total_loss: 0.06633
2026-06-06 07:36:50,532: Epoch 21 average loss: avg_loss: 0.06601, avg_total_loss: 0.06601
2026-06-06 07:36:54,061: Epoch 22 average loss: avg_loss: 0.06542, avg_total_loss: 0.06542
2026-06-06 07:36:57,468: Epoch 23 average loss: avg_loss: 0.06528, avg_total_loss: 0.06528
2026-06-06 07:37:01,010: Epoch 24 average loss: avg_loss: 0.06481, avg_total_loss: 0.06481
2026-06-06 07:37:04,404: Epoch 25 average loss: avg_loss: 0.06435, avg_total_loss: 0.06435
2026-06-06 07:37:07,809: Epoch 26 average loss: avg_loss: 0.06413, avg_total_loss: 0.06413
2026-06-06 07:37:11,201: Epoch 27 average loss: avg_loss: 0.06414, avg_total_loss: 0.06414
2026-06-06 07:37:14,614: Epoch 28 average loss: avg_loss: 0.06345, avg_total_loss: 0.06345
2026-06-06 07:37:18,024: Epoch 29 average loss: avg_loss: 0.06302, avg_total_loss: 0.06302
2026-06-06 07:37:21,418: Epoch 30 average loss: avg_loss: 0.06293, avg_total_loss: 0.06293
2026-06-06 07:37:21,461: Using the model weights from /storage/homefs/tn20y076/AareML/results/nh_run/aareml_ealstm_0606_073519/model_epoch030.pt
2026-06-06 07:37:23,426: The following basins had not enough valid target values to calculate a standard deviation: 2068. NSE loss values for this basin will be NaN.
2026-06-06 07:37:23,662: The following basins had not enough valid target values to calculate a standard deviation: 2130. NSE loss values for this basin will be NaN.
2026-06-06 07:37:23,808: The following basins had not enough valid target values to calculate a standard deviation: 2135. NSE loss values for this basin will be NaN.
2026-06-06 07:37:24,102: The following basins had not enough valid target values to calculate a standard deviation: 2243. NSE loss values for this basin will be NaN.
2026-06-06 07:37:24,553: Stored metrics at /storage/homefs/tn20y076/AareML/results/nh_run/aareml_ealstm_0606_073519/test/model_epoch030/test_metrics.csv
2026-06-06 07:37:24,556: Stored results at /storage/homefs/tn20y076/AareML/results/nh_run/aareml_ealstm_0606_073519/test/model_epoch030/test_results.p
