2026-06-06 00:17:05,814: Logging to /storage/homefs/tn20y076/AareML/results/nh_run/aareml_ealstm_0606_001705/output.log initialized.
2026-06-06 00:17:05,814: ### Folder structure created at /storage/homefs/tn20y076/AareML/results/nh_run/aareml_ealstm_0606_001705
2026-06-06 00:17:05,814: ### Run configurations for aareml_ealstm
2026-06-06 00:17:05,815: experiment_name: aareml_ealstm
2026-06-06 00:17:05,815: run_dir: /storage/homefs/tn20y076/AareML/results/nh_run/aareml_ealstm_0606_001705
2026-06-06 00:17:05,815: train_basin_file: /storage/homefs/tn20y076/AareML/data/nh_dataset/basins_train.txt
2026-06-06 00:17:05,815: validation_basin_file: /storage/homefs/tn20y076/AareML/data/nh_dataset/basins_val.txt
2026-06-06 00:17:05,816: test_basin_file: /storage/homefs/tn20y076/AareML/data/nh_dataset/basins_test.txt
2026-06-06 00:17:05,816: dataset: generic
2026-06-06 00:17:05,816: data_dir: /storage/homefs/tn20y076/AareML/data/nh_dataset
2026-06-06 00:17:05,816: dynamic_inputs: ['water_temperature', 'pH', 'EC', 'dissolved_oxygen']
2026-06-06 00:17:05,816: target_variables: ['dissolved_oxygen']
2026-06-06 00:17:05,817: static_attributes: ['log_area', 'elev_mean', 'aridity', 'p_mean', 'frac_snow', 'runoff_ratio', 'pet_mean', 'forest_frac', 'crop_frac', 'urban_frac']
2026-06-06 00:17:05,817: train_start_date: 1981-01-01 00:00:00
2026-06-06 00:17:05,817: train_end_date: 2014-12-31 00:00:00
2026-06-06 00:17:05,817: validation_start_date: 2015-01-01 00:00:00
2026-06-06 00:17:05,818: validation_end_date: 2016-12-31 00:00:00
2026-06-06 00:17:05,818: test_start_date: 2017-01-01 00:00:00
2026-06-06 00:17:05,818: test_end_date: 2020-12-31 00:00:00
2026-06-06 00:17:05,818: seq_length: 21
2026-06-06 00:17:05,818: predict_last_n: 14
2026-06-06 00:17:05,819: model: ealstm
2026-06-06 00:17:05,819: head: regression
2026-06-06 00:17:05,819: hidden_size: 128
2026-06-06 00:17:05,819: initial_forget_bias: 3
2026-06-06 00:17:05,819: output_dropout: 0.4
2026-06-06 00:17:05,820: batch_size: 256
2026-06-06 00:17:05,820: epochs: 30
2026-06-06 00:17:05,820: learning_rate: {0: 0.001, 10: 0.0005}
2026-06-06 00:17:05,820: optimizer: Adam
2026-06-06 00:17:05,820: clip_gradient_norm: 1.0
2026-06-06 00:17:05,821: loss: NSE
2026-06-06 00:17:05,821: metrics: ['NSE', 'RMSE', 'KGE']
2026-06-06 00:17:05,821: log_tensorboard: False
2026-06-06 00:17:05,821: save_git_diff: False
2026-06-06 00:17:05,822: seed: 42
2026-06-06 00:17:05,822: device: cuda:0
2026-06-06 00:17:05,822: num_workers: 4
2026-06-06 00:17:05,822: number_of_basins: 16
2026-06-06 00:17:05,822: train_dir: /storage/homefs/tn20y076/AareML/results/nh_run/aareml_ealstm_0606_001705/train_data
2026-06-06 00:17:05,823: img_log_dir: /storage/homefs/tn20y076/AareML/results/nh_run/aareml_ealstm_0606_001705/img_log
2026-06-06 00:17:05,839: ### Device cuda:0 will be used for training
2026-06-06 00:17:05,844: Loading basin data into xarray data set.
2026-06-06 00:17:05,989: Calculating target variable stds per basin
2026-06-06 00:17:06,004: Create lookup table and convert to pytorch tensor
