2026-06-06 00:19:10,674: Logging to /storage/homefs/tn20y076/AareML/results/nh_run/aareml_ealstm_0606_001910/output.log initialized.
2026-06-06 00:19:10,675: ### Folder structure created at /storage/homefs/tn20y076/AareML/results/nh_run/aareml_ealstm_0606_001910
2026-06-06 00:19:10,675: ### Run configurations for aareml_ealstm
2026-06-06 00:19:10,675: experiment_name: aareml_ealstm
2026-06-06 00:19:10,675: run_dir: /storage/homefs/tn20y076/AareML/results/nh_run/aareml_ealstm_0606_001910
2026-06-06 00:19:10,676: train_basin_file: /storage/homefs/tn20y076/AareML/data/nh_dataset/basins_train.txt
2026-06-06 00:19:10,676: validation_basin_file: /storage/homefs/tn20y076/AareML/data/nh_dataset/basins_val.txt
2026-06-06 00:19:10,676: test_basin_file: /storage/homefs/tn20y076/AareML/data/nh_dataset/basins_test.txt
2026-06-06 00:19:10,676: dataset: generic
2026-06-06 00:19:10,676: data_dir: /storage/homefs/tn20y076/AareML/data/nh_dataset
2026-06-06 00:19:10,676: dynamic_inputs: ['water_temperature', 'pH', 'EC', 'dissolved_oxygen']
2026-06-06 00:19:10,677: target_variables: ['dissolved_oxygen']
2026-06-06 00:19:10,677: static_attributes: ['log_area', 'elev_mean', 'aridity', 'p_mean', 'frac_snow', 'runoff_ratio', 'pet_mean', 'forest_frac', 'crop_frac', 'urban_frac']
2026-06-06 00:19:10,677: train_start_date: 1981-01-01 00:00:00
2026-06-06 00:19:10,677: train_end_date: 2014-12-31 00:00:00
2026-06-06 00:19:10,677: validation_start_date: 2015-01-01 00:00:00
2026-06-06 00:19:10,677: validation_end_date: 2016-12-31 00:00:00
2026-06-06 00:19:10,677: test_start_date: 2017-01-01 00:00:00
2026-06-06 00:19:10,678: test_end_date: 2020-12-31 00:00:00
2026-06-06 00:19:10,678: seq_length: 21
2026-06-06 00:19:10,678: predict_last_n: 14
2026-06-06 00:19:10,678: model: ealstm
2026-06-06 00:19:10,678: head: regression
2026-06-06 00:19:10,678: hidden_size: 128
2026-06-06 00:19:10,678: initial_forget_bias: 3
2026-06-06 00:19:10,679: output_dropout: 0.4
2026-06-06 00:19:10,680: batch_size: 256
2026-06-06 00:19:10,680: epochs: 30
2026-06-06 00:19:10,680: learning_rate: {0: 0.001, 10: 0.0005}
2026-06-06 00:19:10,680: optimizer: Adam
2026-06-06 00:19:10,680: clip_gradient_norm: 1.0
2026-06-06 00:19:10,680: loss: NSE
2026-06-06 00:19:10,681: metrics: ['NSE', 'RMSE', 'KGE']
2026-06-06 00:19:10,681: log_tensorboard: False
2026-06-06 00:19:10,681: save_git_diff: False
2026-06-06 00:19:10,681: seed: 42
2026-06-06 00:19:10,681: device: cuda:0
2026-06-06 00:19:10,681: num_workers: 4
2026-06-06 00:19:10,681: number_of_basins: 16
2026-06-06 00:19:10,682: train_dir: /storage/homefs/tn20y076/AareML/results/nh_run/aareml_ealstm_0606_001910/train_data
2026-06-06 00:19:10,682: img_log_dir: /storage/homefs/tn20y076/AareML/results/nh_run/aareml_ealstm_0606_001910/img_log
2026-06-06 00:19:10,698: ### Device cuda:0 will be used for training
2026-06-06 00:19:10,704: Loading basin data into xarray data set.
2026-06-06 00:19:10,965: Calculating target variable stds per basin
2026-06-06 00:19:10,980: Create lookup table and convert to pytorch tensor
