2026-06-06 00:32:05,271: Logging to /storage/homefs/tn20y076/AareML/results/nh_run/aareml_ealstm_0606_003205/output.log initialized.
2026-06-06 00:32:05,271: ### Folder structure created at /storage/homefs/tn20y076/AareML/results/nh_run/aareml_ealstm_0606_003205
2026-06-06 00:32:05,272: ### Run configurations for aareml_ealstm
2026-06-06 00:32:05,273: experiment_name: aareml_ealstm
2026-06-06 00:32:05,273: run_dir: /storage/homefs/tn20y076/AareML/results/nh_run/aareml_ealstm_0606_003205
2026-06-06 00:32:05,273: train_basin_file: /storage/homefs/tn20y076/AareML/data/nh_dataset/basins_train.txt
2026-06-06 00:32:05,274: validation_basin_file: /storage/homefs/tn20y076/AareML/data/nh_dataset/basins_val.txt
2026-06-06 00:32:05,274: test_basin_file: /storage/homefs/tn20y076/AareML/data/nh_dataset/basins_test.txt
2026-06-06 00:32:05,274: dataset: generic
2026-06-06 00:32:05,274: data_dir: /storage/homefs/tn20y076/AareML/data/nh_dataset
2026-06-06 00:32:05,274: dynamic_inputs: ['water_temperature', 'pH', 'EC']
2026-06-06 00:32:05,274: target_variables: ['dissolved_oxygen']
2026-06-06 00:32:05,275: static_attributes: ['log_area', 'elev_mean', 'aridity', 'p_mean', 'frac_snow', 'runoff_ratio', 'pet_mean', 'forest_frac', 'crop_frac', 'urban_frac']
2026-06-06 00:32:05,275: train_start_date: 1981-01-01 00:00:00
2026-06-06 00:32:05,275: train_end_date: 2014-12-31 00:00:00
2026-06-06 00:32:05,275: validation_start_date: 2015-01-01 00:00:00
2026-06-06 00:32:05,275: validation_end_date: 2016-12-31 00:00:00
2026-06-06 00:32:05,276: test_start_date: 2017-01-01 00:00:00
2026-06-06 00:32:05,276: test_end_date: 2020-12-31 00:00:00
2026-06-06 00:32:05,276: seq_length: 21
2026-06-06 00:32:05,276: predict_last_n: 14
2026-06-06 00:32:05,276: model: ealstm
2026-06-06 00:32:05,277: head: regression
2026-06-06 00:32:05,277: hidden_size: 128
2026-06-06 00:32:05,277: initial_forget_bias: 3
2026-06-06 00:32:05,277: output_dropout: 0.4
2026-06-06 00:32:05,277: batch_size: 256
2026-06-06 00:32:05,277: epochs: 30
2026-06-06 00:32:05,277: learning_rate: {0: 0.001, 10: 0.0005}
2026-06-06 00:32:05,278: optimizer: Adam
2026-06-06 00:32:05,278: clip_gradient_norm: 1.0
2026-06-06 00:32:05,278: loss: NSE
2026-06-06 00:32:05,278: metrics: ['NSE', 'RMSE', 'KGE']
2026-06-06 00:32:05,278: log_tensorboard: False
2026-06-06 00:32:05,278: save_git_diff: False
2026-06-06 00:32:05,278: seed: 42
2026-06-06 00:32:05,279: device: cuda:0
2026-06-06 00:32:05,279: num_workers: 4
2026-06-06 00:32:05,279: number_of_basins: 16
2026-06-06 00:32:05,279: train_dir: /storage/homefs/tn20y076/AareML/results/nh_run/aareml_ealstm_0606_003205/train_data
2026-06-06 00:32:05,279: img_log_dir: /storage/homefs/tn20y076/AareML/results/nh_run/aareml_ealstm_0606_003205/img_log
2026-06-06 00:32:05,296: ### Device cuda:0 will be used for training
2026-06-06 00:32:05,301: Loading basin data into xarray data set.
2026-06-06 00:32:05,464: Calculating target variable stds per basin
2026-06-06 00:32:05,479: Create lookup table and convert to pytorch tensor
2026-06-06 00:32:15,083: Epoch 1 average loss: avg_loss: 0.14765, avg_total_loss: 0.14765
2026-06-06 00:32:19,071: Epoch 2 average loss: avg_loss: 0.10523, avg_total_loss: 0.10523
2026-06-06 00:32:22,824: Epoch 3 average loss: avg_loss: 0.09274, avg_total_loss: 0.09274
2026-06-06 00:32:26,546: Epoch 4 average loss: avg_loss: 0.08579, avg_total_loss: 0.08579
2026-06-06 00:32:30,655: Epoch 5 average loss: avg_loss: 0.08128, avg_total_loss: 0.08128
2026-06-06 00:32:34,514: Epoch 6 average loss: avg_loss: 0.07915, avg_total_loss: 0.07915
2026-06-06 00:32:38,425: Epoch 7 average loss: avg_loss: 0.07729, avg_total_loss: 0.07729
2026-06-06 00:32:42,159: Epoch 8 average loss: avg_loss: 0.07553, avg_total_loss: 0.07553
2026-06-06 00:32:45,980: Epoch 9 average loss: avg_loss: 0.07418, avg_total_loss: 0.07418
2026-06-06 00:32:45,985: Setting learning rate to 0.0005
2026-06-06 00:32:49,935: Epoch 10 average loss: avg_loss: 0.07180, avg_total_loss: 0.07180
2026-06-06 00:32:53,840: Epoch 11 average loss: avg_loss: 0.07069, avg_total_loss: 0.07069
2026-06-06 00:32:57,546: Epoch 12 average loss: avg_loss: 0.07031, avg_total_loss: 0.07031
2026-06-06 00:33:01,333: Epoch 13 average loss: avg_loss: 0.06972, avg_total_loss: 0.06972
2026-06-06 00:33:05,032: Epoch 14 average loss: avg_loss: 0.06900, avg_total_loss: 0.06900
2026-06-06 00:33:09,020: Epoch 15 average loss: avg_loss: 0.06861, avg_total_loss: 0.06861
2026-06-06 00:33:13,021: Epoch 16 average loss: avg_loss: 0.06800, avg_total_loss: 0.06800
2026-06-06 00:33:16,667: Epoch 17 average loss: avg_loss: 0.06771, avg_total_loss: 0.06771
2026-06-06 00:33:20,317: Epoch 18 average loss: avg_loss: 0.06717, avg_total_loss: 0.06717
2026-06-06 00:33:24,299: Epoch 19 average loss: avg_loss: 0.06681, avg_total_loss: 0.06681
2026-06-06 00:33:28,163: Epoch 20 average loss: avg_loss: 0.06633, avg_total_loss: 0.06633
2026-06-06 00:33:31,644: Epoch 21 average loss: avg_loss: 0.06601, avg_total_loss: 0.06601
2026-06-06 00:33:35,355: Epoch 22 average loss: avg_loss: 0.06542, avg_total_loss: 0.06542
2026-06-06 00:33:39,300: Epoch 23 average loss: avg_loss: 0.06528, avg_total_loss: 0.06528
2026-06-06 00:33:43,113: Epoch 24 average loss: avg_loss: 0.06481, avg_total_loss: 0.06481
2026-06-06 00:33:46,712: Epoch 25 average loss: avg_loss: 0.06435, avg_total_loss: 0.06435
2026-06-06 00:33:50,146: Epoch 26 average loss: avg_loss: 0.06413, avg_total_loss: 0.06413
2026-06-06 00:33:53,671: Epoch 27 average loss: avg_loss: 0.06414, avg_total_loss: 0.06414
2026-06-06 00:33:57,262: Epoch 28 average loss: avg_loss: 0.06345, avg_total_loss: 0.06345
2026-06-06 00:34:00,900: Epoch 29 average loss: avg_loss: 0.06302, avg_total_loss: 0.06302
2026-06-06 00:34:04,538: Epoch 30 average loss: avg_loss: 0.06293, avg_total_loss: 0.06293
2026-06-06 00:34:04,580: Using the model weights from /storage/homefs/tn20y076/AareML/results/nh_run/aareml_ealstm_0606_003205/model_epoch030.pt
2026-06-06 00:34:06,396: The following basins had not enough valid target values to calculate a standard deviation: 2068. NSE loss values for this basin will be NaN.
2026-06-06 00:34:06,668: The following basins had not enough valid target values to calculate a standard deviation: 2130. NSE loss values for this basin will be NaN.
2026-06-06 00:34:06,823: The following basins had not enough valid target values to calculate a standard deviation: 2135. NSE loss values for this basin will be NaN.
2026-06-06 00:34:07,122: The following basins had not enough valid target values to calculate a standard deviation: 2243. NSE loss values for this basin will be NaN.
2026-06-06 00:34:07,616: Stored metrics at /storage/homefs/tn20y076/AareML/results/nh_run/aareml_ealstm_0606_003205/test/model_epoch030/test_metrics.csv
2026-06-06 00:34:07,619: Stored results at /storage/homefs/tn20y076/AareML/results/nh_run/aareml_ealstm_0606_003205/test/model_epoch030/test_results.p
