2026-06-09 01:11:42,745: Logging to /storage/homefs/tn20y076/AareML/results/nh_run/aareml_ealstm_0906_011142/output.log initialized.
2026-06-09 01:11:42,746: ### Folder structure created at /storage/homefs/tn20y076/AareML/results/nh_run/aareml_ealstm_0906_011142
2026-06-09 01:11:42,746: ### Run configurations for aareml_ealstm
2026-06-09 01:11:42,746: experiment_name: aareml_ealstm
2026-06-09 01:11:42,747: run_dir: /storage/homefs/tn20y076/AareML/results/nh_run/aareml_ealstm_0906_011142
2026-06-09 01:11:42,747: train_basin_file: /storage/homefs/tn20y076/AareML/data/nh_dataset/basins_train.txt
2026-06-09 01:11:42,747: validation_basin_file: /storage/homefs/tn20y076/AareML/data/nh_dataset/basins_val.txt
2026-06-09 01:11:42,747: test_basin_file: /storage/homefs/tn20y076/AareML/data/nh_dataset/basins_test.txt
2026-06-09 01:11:42,748: dataset: generic
2026-06-09 01:11:42,748: data_dir: /storage/homefs/tn20y076/AareML/data/nh_dataset
2026-06-09 01:11:42,748: dynamic_inputs: ['water_temperature', 'pH', 'EC']
2026-06-09 01:11:42,748: target_variables: ['dissolved_oxygen']
2026-06-09 01:11:42,748: static_attributes: ['log_area', 'elev_mean', 'aridity', 'p_mean', 'frac_snow', 'runoff_ratio', 'pet_mean', 'forest_frac', 'crop_frac', 'urban_frac']
2026-06-09 01:11:42,749: train_start_date: 1981-01-01 00:00:00
2026-06-09 01:11:42,749: train_end_date: 2014-12-31 00:00:00
2026-06-09 01:11:42,749: validation_start_date: 2015-01-01 00:00:00
2026-06-09 01:11:42,749: validation_end_date: 2016-12-31 00:00:00
2026-06-09 01:11:42,749: test_start_date: 2017-01-01 00:00:00
2026-06-09 01:11:42,750: test_end_date: 2020-12-31 00:00:00
2026-06-09 01:11:42,750: seq_length: 21
2026-06-09 01:11:42,750: predict_last_n: 14
2026-06-09 01:11:42,750: model: ealstm
2026-06-09 01:11:42,750: head: regression
2026-06-09 01:11:42,751: hidden_size: 128
2026-06-09 01:11:42,751: initial_forget_bias: 3
2026-06-09 01:11:42,751: output_dropout: 0.4
2026-06-09 01:11:42,751: batch_size: 256
2026-06-09 01:11:42,751: epochs: 30
2026-06-09 01:11:42,752: learning_rate: {0: 0.001, 10: 0.0005}
2026-06-09 01:11:42,752: optimizer: Adam
2026-06-09 01:11:42,752: clip_gradient_norm: 1.0
2026-06-09 01:11:42,752: loss: NSE
2026-06-09 01:11:42,752: metrics: ['NSE', 'RMSE', 'KGE']
2026-06-09 01:11:42,753: log_tensorboard: False
2026-06-09 01:11:42,753: save_git_diff: False
2026-06-09 01:11:42,753: seed: 42
2026-06-09 01:11:42,753: device: cuda:0
2026-06-09 01:11:42,753: num_workers: 4
2026-06-09 01:11:42,753: number_of_basins: 16
2026-06-09 01:11:42,754: train_dir: /storage/homefs/tn20y076/AareML/results/nh_run/aareml_ealstm_0906_011142/train_data
2026-06-09 01:11:42,754: img_log_dir: /storage/homefs/tn20y076/AareML/results/nh_run/aareml_ealstm_0906_011142/img_log
2026-06-09 01:11:42,793: ### Device cuda:0 will be used for training
2026-06-09 01:11:42,804: Loading basin data into xarray data set.
2026-06-09 01:11:43,032: Calculating target variable stds per basin
2026-06-09 01:11:43,082: Create lookup table and convert to pytorch tensor
2026-06-09 01:11:59,480: Epoch 1 average loss: avg_loss: 0.14765, avg_total_loss: 0.14765
2026-06-09 01:12:03,610: Epoch 2 average loss: avg_loss: 0.10523, avg_total_loss: 0.10523
2026-06-09 01:12:07,154: Epoch 3 average loss: avg_loss: 0.09274, avg_total_loss: 0.09274
2026-06-09 01:12:10,754: Epoch 4 average loss: avg_loss: 0.08579, avg_total_loss: 0.08579
2026-06-09 01:12:14,285: Epoch 5 average loss: avg_loss: 0.08128, avg_total_loss: 0.08128
2026-06-09 01:12:17,810: Epoch 6 average loss: avg_loss: 0.07915, avg_total_loss: 0.07915
2026-06-09 01:12:21,336: Epoch 7 average loss: avg_loss: 0.07729, avg_total_loss: 0.07729
2026-06-09 01:12:24,911: Epoch 8 average loss: avg_loss: 0.07553, avg_total_loss: 0.07553
2026-06-09 01:12:28,432: Epoch 9 average loss: avg_loss: 0.07418, avg_total_loss: 0.07418
2026-06-09 01:12:28,437: Setting learning rate to 0.0005
2026-06-09 01:12:31,946: Epoch 10 average loss: avg_loss: 0.07180, avg_total_loss: 0.07180
2026-06-09 01:12:35,480: Epoch 11 average loss: avg_loss: 0.07069, avg_total_loss: 0.07069
2026-06-09 01:12:39,006: Epoch 12 average loss: avg_loss: 0.07031, avg_total_loss: 0.07031
2026-06-09 01:12:42,511: Epoch 13 average loss: avg_loss: 0.06972, avg_total_loss: 0.06972
2026-06-09 01:12:46,032: Epoch 14 average loss: avg_loss: 0.06900, avg_total_loss: 0.06900
2026-06-09 01:12:49,545: Epoch 15 average loss: avg_loss: 0.06861, avg_total_loss: 0.06861
2026-06-09 01:12:53,069: Epoch 16 average loss: avg_loss: 0.06800, avg_total_loss: 0.06800
2026-06-09 01:12:56,584: Epoch 17 average loss: avg_loss: 0.06771, avg_total_loss: 0.06771
2026-06-09 01:13:00,132: Epoch 18 average loss: avg_loss: 0.06717, avg_total_loss: 0.06717
2026-06-09 01:13:03,662: Epoch 19 average loss: avg_loss: 0.06681, avg_total_loss: 0.06681
2026-06-09 01:13:07,197: Epoch 20 average loss: avg_loss: 0.06633, avg_total_loss: 0.06633
2026-06-09 01:13:10,861: Epoch 21 average loss: avg_loss: 0.06601, avg_total_loss: 0.06601
2026-06-09 01:13:14,395: Epoch 22 average loss: avg_loss: 0.06542, avg_total_loss: 0.06542
2026-06-09 01:13:17,904: Epoch 23 average loss: avg_loss: 0.06528, avg_total_loss: 0.06528
2026-06-09 01:13:21,424: Epoch 24 average loss: avg_loss: 0.06481, avg_total_loss: 0.06481
2026-06-09 01:13:24,971: Epoch 25 average loss: avg_loss: 0.06435, avg_total_loss: 0.06435
2026-06-09 01:13:28,499: Epoch 26 average loss: avg_loss: 0.06413, avg_total_loss: 0.06413
2026-06-09 01:13:32,019: Epoch 27 average loss: avg_loss: 0.06414, avg_total_loss: 0.06414
2026-06-09 01:13:35,682: Epoch 28 average loss: avg_loss: 0.06345, avg_total_loss: 0.06345
2026-06-09 01:13:39,338: Epoch 29 average loss: avg_loss: 0.06302, avg_total_loss: 0.06302
2026-06-09 01:13:42,861: Epoch 30 average loss: avg_loss: 0.06293, avg_total_loss: 0.06293
2026-06-09 01:13:42,911: Using the model weights from /storage/homefs/tn20y076/AareML/results/nh_run/aareml_ealstm_0906_011142/model_epoch030.pt
2026-06-09 01:13:44,086: The following basins had not enough valid target values to calculate a standard deviation: 2068. NSE loss values for this basin will be NaN.
2026-06-09 01:13:44,354: The following basins had not enough valid target values to calculate a standard deviation: 2130. NSE loss values for this basin will be NaN.
2026-06-09 01:13:44,517: The following basins had not enough valid target values to calculate a standard deviation: 2135. NSE loss values for this basin will be NaN.
2026-06-09 01:13:44,810: The following basins had not enough valid target values to calculate a standard deviation: 2243. NSE loss values for this basin will be NaN.
2026-06-09 01:13:45,320: Stored metrics at /storage/homefs/tn20y076/AareML/results/nh_run/aareml_ealstm_0906_011142/test/model_epoch030/test_metrics.csv
2026-06-09 01:13:45,324: Stored results at /storage/homefs/tn20y076/AareML/results/nh_run/aareml_ealstm_0906_011142/test/model_epoch030/test_results.p
