[NbConvertApp] Converting notebook notebooks/17_neuralhydrology.ipynb to notebook
Traceback (most recent call last):
  File "/software.9/software/Anaconda3/2024.02-1/bin/jupyter-nbconvert", line 11, in <module>
    sys.exit(main())
             ^^^^^^
  File "/software.9/software/Anaconda3/2024.02-1/lib/python3.11/site-packages/jupyter_core/application.py", line 280, in launch_instance
    super().launch_instance(argv=argv, **kwargs)
  File "/software.9/software/Anaconda3/2024.02-1/lib/python3.11/site-packages/traitlets/config/application.py", line 992, in launch_instance
    app.start()
  File "/software.9/software/Anaconda3/2024.02-1/lib/python3.11/site-packages/nbconvert/nbconvertapp.py", line 412, in start
    self.convert_notebooks()
  File "/software.9/software/Anaconda3/2024.02-1/lib/python3.11/site-packages/nbconvert/nbconvertapp.py", line 590, in convert_notebooks
    self.convert_single_notebook(notebook_filename)
  File "/software.9/software/Anaconda3/2024.02-1/lib/python3.11/site-packages/nbconvert/nbconvertapp.py", line 556, in convert_single_notebook
    output, resources = self.export_single_notebook(
                        ^^^^^^^^^^^^^^^^^^^^^^^^^^^^
  File "/software.9/software/Anaconda3/2024.02-1/lib/python3.11/site-packages/nbconvert/nbconvertapp.py", line 479, in export_single_notebook
    output, resources = self.exporter.from_filename(
                        ^^^^^^^^^^^^^^^^^^^^^^^^^^^^
  File "/software.9/software/Anaconda3/2024.02-1/lib/python3.11/site-packages/nbconvert/exporters/exporter.py", line 203, in from_filename
    return self.from_file(f, resources=resources, **kw)
           ^^^^^^^^^^^^^^^^^^^^^^^^^^^^^^^^^^^^^^^^^^^^
  File "/software.9/software/Anaconda3/2024.02-1/lib/python3.11/site-packages/nbconvert/exporters/exporter.py", line 222, in from_file
    return self.from_notebook_node(
           ^^^^^^^^^^^^^^^^^^^^^^^^
  File "/software.9/software/Anaconda3/2024.02-1/lib/python3.11/site-packages/nbconvert/exporters/notebook.py", line 36, in from_notebook_node
    nb_copy, resources = super().from_notebook_node(nb, resources, **kw)
                         ^^^^^^^^^^^^^^^^^^^^^^^^^^^^^^^^^^^^^^^^^^^^^^^
  File "/software.9/software/Anaconda3/2024.02-1/lib/python3.11/site-packages/nbconvert/exporters/exporter.py", line 156, in from_notebook_node
    nb_copy, resources = self._preprocess(nb_copy, resources)
                         ^^^^^^^^^^^^^^^^^^^^^^^^^^^^^^^^^^^^
  File "/software.9/software/Anaconda3/2024.02-1/lib/python3.11/site-packages/nbconvert/exporters/exporter.py", line 354, in _preprocess
    nbc, resc = preprocessor(nbc, resc)  # type:ignore[operator]
                ^^^^^^^^^^^^^^^^^^^^^^^
  File "/software.9/software/Anaconda3/2024.02-1/lib/python3.11/site-packages/nbconvert/preprocessors/base.py", line 48, in __call__
    return self.preprocess(nb, resources)
           ^^^^^^^^^^^^^^^^^^^^^^^^^^^^^^
  File "/software.9/software/Anaconda3/2024.02-1/lib/python3.11/site-packages/nbconvert/preprocessors/execute.py", line 102, in preprocess
    self.preprocess_cell(cell, resources, index)
  File "/software.9/software/Anaconda3/2024.02-1/lib/python3.11/site-packages/nbconvert/preprocessors/execute.py", line 123, in preprocess_cell
    cell = self.execute_cell(cell, index, store_history=True)
           ^^^^^^^^^^^^^^^^^^^^^^^^^^^^^^^^^^^^^^^^^^^^^^^^^^
  File "/software.9/software/Anaconda3/2024.02-1/lib/python3.11/site-packages/jupyter_core/utils/__init__.py", line 173, in wrapped
    return loop.run_until_complete(inner)
           ^^^^^^^^^^^^^^^^^^^^^^^^^^^^^^
  File "/software.9/software/Anaconda3/2024.02-1/lib/python3.11/asyncio/base_events.py", line 653, in run_until_complete
    return future.result()
           ^^^^^^^^^^^^^^^
  File "/software.9/software/Anaconda3/2024.02-1/lib/python3.11/site-packages/nbclient/client.py", line 1058, in async_execute_cell
    await self._check_raise_for_error(cell, cell_index, exec_reply)
  File "/software.9/software/Anaconda3/2024.02-1/lib/python3.11/site-packages/nbclient/client.py", line 914, in _check_raise_for_error
    raise CellExecutionError.from_cell_and_msg(cell, exec_reply_content)
nbclient.exceptions.CellExecutionError: An error occurred while executing the following cell:
------------------
from neuralhydrology.nh_run import start_run
from neuralhydrology.utils.config import Config
# Patch get_git_hash to avoid CalledProcessError on non-git install dirs
import neuralhydrology.utils.logging_utils as _lu
_lu.get_git_hash = lambda: None

NH_RUN_DIR.mkdir(parents=True, exist_ok=True)
cfg = Config(NH_CONFIG)

print("Starting NeuralHydrology EA-LSTM training...")
print(f"  Gauges: {len(do_gauge_strs)}")
print(f"  Target: dissolved_oxygen")
print(f"  Static attributes: {len(attrs_df.columns)}")
print(f"  Hidden size: 128, Epochs: 30")

start_run(config_file=NH_CONFIG, gpu=0 if DEVICE=='cuda' else -1)
print("Training complete.")
------------------


[31m---------------------------------------------------------------------------[39m
[31mValueError[39m                                Traceback (most recent call last)
[36mCell[39m[36m [39m[32mIn[4][39m[32m, line 8[39m
[32m      5[39m _lu.get_git_hash = [38;5;28;01mlambda[39;00m: [38;5;28;01mNone[39;00m
[32m      7[39m NH_RUN_DIR.mkdir(parents=[38;5;28;01mTrue[39;00m, exist_ok=[38;5;28;01mTrue[39;00m)
[32m----> [39m[32m8[39m cfg = [43mConfig[49m[43m([49m[43mNH_CONFIG[49m[43m)[49m
[32m     10[39m [38;5;28mprint[39m([33m"[39m[33mStarting NeuralHydrology EA-LSTM training...[39m[33m"[39m)
[32m     11[39m [38;5;28mprint[39m([33mf[39m[33m"[39m[33m  Gauges: [39m[38;5;132;01m{[39;00m[38;5;28mlen[39m(do_gauge_strs)[38;5;132;01m}[39;00m[33m"[39m)

[36mFile [39m[32m~/.local/lib/python3.11/site-packages/neuralhydrology/utils/config.py:53[39m, in [36mConfig.__init__[39m[34m(self, yml_path_or_dict, dev_mode)[39m
[32m     50[39m     [38;5;28;01mraise[39;00m [38;5;167;01mValueError[39;00m([33mf[39m[33m'[39m[33mCannot create a config from input of type [39m[38;5;132;01m{[39;00m[38;5;28mtype[39m(yml_path_or_dict)[38;5;132;01m}[39;00m[33m.[39m[33m'[39m)
[32m     52[39m [38;5;28;01mif[39;00m [38;5;129;01mnot[39;00m ([38;5;28mself[39m._cfg.get([33m'[39m[33mdev_mode[39m[33m'[39m, [38;5;28;01mFalse[39;00m) [38;5;129;01mor[39;00m dev_mode):
[32m---> [39m[32m53[39m     [43mConfig[49m[43m.[49m[43m_check_cfg_keys[49m[43m([49m[38;5;28;43mself[39;49m[43m.[49m[43m_cfg[49m[43m)[49m
[32m     55[39m [38;5;66;03m# Adjust experiment name[39;00m
[32m     56[39m [38;5;28;01mif[39;00m [33m"[39m[33mexperiment_name[39m[33m"[39m [38;5;129;01min[39;00m [38;5;28mself[39m._cfg [38;5;129;01mand[39;00m [38;5;28mself[39m._cfg[[33m"[39m[33mexperiment_name[39m[33m"[39m]:
[32m     57[39m     [38;5;66;03m# 1. Replace curly-bracketed entries[39;00m

[36mFile [39m[32m~/.local/lib/python3.11/site-packages/neuralhydrology/utils/config.py:200[39m, in [36mConfig._check_cfg_keys[39m[34m(cfg)[39m
[32m    195[39m unknown_keys = [
[32m    196[39m     k [38;5;28;01mfor[39;00m k [38;5;129;01min[39;00m cfg.keys()
[32m    197[39m     [38;5;28;01mif[39;00m k [38;5;129;01mnot[39;00m [38;5;129;01min[39;00m property_names [38;5;129;01mand[39;00m k [38;5;129;01mnot[39;00m [38;5;129;01min[39;00m Config._deprecated_keys [38;5;129;01mand[39;00m k [38;5;129;01mnot[39;00m [38;5;129;01min[39;00m Config._metadata_keys
[32m    198[39m ]
[32m    199[39m [38;5;28;01mif[39;00m unknown_keys:
[32m--> [39m[32m200[39m     [38;5;28;01mraise[39;00m [38;5;167;01mValueError[39;00m([33mf[39m[33m'[39m[38;5;132;01m{[39;00munknown_keys[38;5;132;01m}[39;00m[33m are not recognized config keys.[39m[33m'[39m)

[31mValueError[39m: ['use_time_input'] are not recognized config keys.

