Job started: Mon Jun  8 10:53:12 PM CEST 2026
Node: gnode24
GPU: NVIDIA GeForce RTX 4090

Running notebook 04b: Temperature Multi-Site Analysis...

Notebook 04b complete.
Job finished: Mon Jun  8 11:11:28 PM CEST 2026
[main dee5ab0] ubelix run slurm_script 2026-06-08 23:11
 5 files changed, 767 insertions(+), 714 deletions(-)
 create mode 100644 logs/job_04b_temp_5617219.err
 create mode 100644 logs/job_04b_temp_5617219.out
[main 38f0ef3] ubelix run slurm_script 2026-06-08 23:11 NB_EXIT=0
 1 file changed, 4 insertions(+)
Push attempt 1 failed, retrying in 15s...
[main 3835a43] ubelix run slurm_script 2026-06-08 23:11 NB_EXIT=0
 2 files changed, 8 insertions(+)
Push attempt 2 failed, retrying in 15s...
[main 5bb3af0] ubelix run slurm_script 2026-06-08 23:12 NB_EXIT=0
 2 files changed, 7 insertions(+)
Push attempt 3 failed, retrying in 15s...
[main ba0e286] ubelix run slurm_script 2026-06-08 23:12 NB_EXIT=0
 2 files changed, 7 insertions(+)
Push attempt 4 failed, retrying in 15s...
