[NbConvertApp] Converting notebook notebooks/12_error_analysis.ipynb to notebook
Traceback (most recent call last):
  File "/storage/homefs/tn20y076/.conda/envs/aareml/bin/jupyter-nbconvert", line 6, in <module>
    sys.exit(main())
             ^^^^^^
  File "/storage/homefs/tn20y076/.conda/envs/aareml/lib/python3.11/site-packages/jupyter_core/application.py", line 284, in launch_instance
    super().launch_instance(argv=argv, **kwargs)
  File "/storage/homefs/tn20y076/.conda/envs/aareml/lib/python3.11/site-packages/traitlets/config/application.py", line 1075, in launch_instance
    app.start()
  File "/storage/homefs/tn20y076/.conda/envs/aareml/lib/python3.11/site-packages/nbconvert/nbconvertapp.py", line 420, in start
    self.convert_notebooks()
  File "/storage/homefs/tn20y076/.conda/envs/aareml/lib/python3.11/site-packages/nbconvert/nbconvertapp.py", line 597, in convert_notebooks
    self.convert_single_notebook(notebook_filename)
  File "/storage/homefs/tn20y076/.conda/envs/aareml/lib/python3.11/site-packages/nbconvert/nbconvertapp.py", line 563, in convert_single_notebook
    output, resources = self.export_single_notebook(
                        ^^^^^^^^^^^^^^^^^^^^^^^^^^^^
  File "/storage/homefs/tn20y076/.conda/envs/aareml/lib/python3.11/site-packages/nbconvert/nbconvertapp.py", line 487, in export_single_notebook
    output, resources = self.exporter.from_filename(
                        ^^^^^^^^^^^^^^^^^^^^^^^^^^^^
  File "/storage/homefs/tn20y076/.conda/envs/aareml/lib/python3.11/site-packages/nbconvert/exporters/exporter.py", line 201, in from_filename
    return self.from_file(f, resources=resources, **kw)
           ^^^^^^^^^^^^^^^^^^^^^^^^^^^^^^^^^^^^^^^^^^^^
  File "/storage/homefs/tn20y076/.conda/envs/aareml/lib/python3.11/site-packages/nbconvert/exporters/exporter.py", line 220, in from_file
    return self.from_notebook_node(
           ^^^^^^^^^^^^^^^^^^^^^^^^
  File "/storage/homefs/tn20y076/.conda/envs/aareml/lib/python3.11/site-packages/nbconvert/exporters/notebook.py", line 36, in from_notebook_node
    nb_copy, resources = super().from_notebook_node(nb, resources, **kw)
                         ^^^^^^^^^^^^^^^^^^^^^^^^^^^^^^^^^^^^^^^^^^^^^^^
  File "/storage/homefs/tn20y076/.conda/envs/aareml/lib/python3.11/site-packages/nbconvert/exporters/exporter.py", line 154, in from_notebook_node
    nb_copy, resources = self._preprocess(nb_copy, resources)
                         ^^^^^^^^^^^^^^^^^^^^^^^^^^^^^^^^^^^^
  File "/storage/homefs/tn20y076/.conda/envs/aareml/lib/python3.11/site-packages/nbconvert/exporters/exporter.py", line 353, in _preprocess
    nbc, resc = preprocessor(nbc, resc)
                ^^^^^^^^^^^^^^^^^^^^^^^
  File "/storage/homefs/tn20y076/.conda/envs/aareml/lib/python3.11/site-packages/nbconvert/preprocessors/base.py", line 48, in __call__
    return self.preprocess(nb, resources)
           ^^^^^^^^^^^^^^^^^^^^^^^^^^^^^^
  File "/storage/homefs/tn20y076/.conda/envs/aareml/lib/python3.11/site-packages/nbconvert/preprocessors/execute.py", line 103, in preprocess
    self.preprocess_cell(cell, resources, index)
  File "/storage/homefs/tn20y076/.conda/envs/aareml/lib/python3.11/site-packages/nbconvert/preprocessors/execute.py", line 124, in preprocess_cell
    cell = self.execute_cell(cell, index, store_history=True)
           ^^^^^^^^^^^^^^^^^^^^^^^^^^^^^^^^^^^^^^^^^^^^^^^^^^
  File "/storage/homefs/tn20y076/.conda/envs/aareml/lib/python3.11/site-packages/jupyter_core/utils/__init__.py", line 165, in wrapped
    return loop.run_until_complete(inner)
           ^^^^^^^^^^^^^^^^^^^^^^^^^^^^^^
  File "/storage/homefs/tn20y076/.conda/envs/aareml/lib/python3.11/asyncio/base_events.py", line 654, in run_until_complete
    return future.result()
           ^^^^^^^^^^^^^^^
  File "/storage/homefs/tn20y076/.conda/envs/aareml/lib/python3.11/site-packages/nbclient/client.py", line 1062, in async_execute_cell
    await self._check_raise_for_error(cell, cell_index, exec_reply)
  File "/storage/homefs/tn20y076/.conda/envs/aareml/lib/python3.11/site-packages/nbclient/client.py", line 918, in _check_raise_for_error
    raise CellExecutionError.from_cell_and_msg(cell, exec_reply_content)
nbclient.exceptions.CellExecutionError: An error occurred while executing the following cell:
------------------
import sys, warnings
sys.path.insert(0, '..')
warnings.filterwarnings('ignore')

import numpy as np
import pandas as pd
import matplotlib
matplotlib.use('Agg')
import matplotlib.pyplot as plt
import seaborn as sns
from sklearn.preprocessing import StandardScaler
import torch
from torch.utils.data import DataLoader

from src.config  import (
    FEATURES, TARGETS, TARGET_LABELS,
    LOOKBACK, HORIZON,
    TRAIN_END, VAL_END,
    RESULTS_DIR, FIGURES_DIR,
    METADATA_FILE,
)
from src.data  import (
    load_gauge, load_metadata, preprocess,
    train_val_test_split, make_windows,
)
from src.metrics import mean_rmse, nse, rmse_per_step
from src.model  import (
    RiverDataset, Seq2SeqLSTM,
    predict, get_y_true,
    load_checkpoint, reconstruct_scalers,
)

sns.set_style('whitegrid')
plt.rcParams.update({'figure.dpi': 130})
TEAL   = '#01696F'
DEVICE = torch.device('cpu')   # inference only

# ── Load checkpoint ───────────────────────────────────────────────────────
CKPT_PATH = RESULTS_DIR / 'lstm_single_site_best.pt'
if not CKPT_PATH.exists():
    raise FileNotFoundError(
        f'Checkpoint not found: {CKPT_PATH}\n'
        'Run notebook 03 (job_03_lstm.sh) first.'
    )
ckpt = load_checkpoint(CKPT_PATH)
feat_scaler, tgt_scaler = reconstruct_scalers(ckpt)

# Rebuild model from saved params
best_params = ckpt.get('best_params', {})
hidden   = best_params.get('hidden',   64)
n_layers = best_params.get('n_layers',  2)
dropout  = best_params.get('dropout', 0.2)

model = Seq2SeqLSTM(
    n_feat=len(FEATURES), n_tgt=len(TARGETS),
    hidden=hidden, n_layers=n_layers, dropout=dropout,
)
model.load_state_dict(ckpt['model_state'])
model.eval()
print(f'Checkpoint loaded  |  hidden={hidden}  layers={n_layers}  dropout={dropout}')

# ── Load multisite results ────────────────────────────────────────────────
results_df = pd.read_csv(RESULTS_DIR / 'multisite_results.csv')
results_df['gauge_id'] = results_df['gauge_id'].astype(str)
print(f'\nMultisite results: {len(results_df)} rows x {results_df.shape[1]} cols')
print(results_df[['gauge_id','strategy','rmse_do','nse_do']].to_string(index=False))
------------------


[31m---------------------------------------------------------------------------[39m
[31mFileNotFoundError[39m                         Traceback (most recent call last)
[36mCell[39m[36m [39m[32mIn[2][39m[32m, line 41[39m
[32m     39[39m CKPT_PATH = RESULTS_DIR / [33m'[39m[33mlstm_single_site_best.pt[39m[33m'[39m
[32m     40[39m [38;5;28;01mif[39;00m [38;5;129;01mnot[39;00m CKPT_PATH.exists():
[32m---> [39m[32m41[39m     [38;5;28;01mraise[39;00m [38;5;167;01mFileNotFoundError[39;00m(
[32m     42[39m         [33mf[39m[33m'[39m[33mCheckpoint not found: [39m[38;5;132;01m{[39;00mCKPT_PATH[38;5;132;01m}[39;00m[38;5;130;01m\n[39;00m[33m'[39m
[32m     43[39m         [33m'[39m[33mRun notebook 03 (job_03_lstm.sh) first.[39m[33m'[39m
[32m     44[39m     )
[32m     45[39m ckpt = load_checkpoint(CKPT_PATH)
[32m     46[39m feat_scaler, tgt_scaler = reconstruct_scalers(ckpt)

[31mFileNotFoundError[39m: Checkpoint not found: /storage/homefs/tn20y076/AareML/notebooks/../results/lstm_single_site_best.pt
Run notebook 03 (job_03_lstm.sh) first.

