Job started: Tue Jun  9 12:47:20 AM CEST 2026
Notebook 12 complete. Job finished: Tue Jun  9 12:49:18 AM CEST 2026
[main 21c2f30] ubelix run slurm_script 2026-06-09 00:49
 10 files changed, 142 insertions(+), 131 deletions(-)
 create mode 100644 logs/job_12_error_5617228.err
 create mode 100644 logs/job_12_error_5617228.out
[main ee739cf] ubelix run slurm_script 2026-06-09 00:49 NB_EXIT=
 1 file changed, 4 insertions(+)
Push attempt 1 failed, retrying in 15s...
[main cfe1ae7] ubelix run slurm_script 2026-06-09 00:49 NB_EXIT=
 2 files changed, 7 insertions(+)
Push attempt 2 failed, retrying in 15s...
[main d2dd846] ubelix run slurm_script 2026-06-09 00:49 NB_EXIT=
 2 files changed, 7 insertions(+)
Push attempt 3 failed, retrying in 15s...
[main 00b9911] ubelix run slurm_script 2026-06-09 00:50 NB_EXIT=
 2 files changed, 7 insertions(+)
Push attempt 4 failed, retrying in 15s...
[main b6ae348] ubelix run slurm_script 2026-06-09 00:50 NB_EXIT=
 2 files changed, 7 insertions(+)
Push attempt 5 failed, retrying in 15s...
