Job started: Mon Jun  8 09:57:50 AM CEST 2026
Node: gnode39
GPU: NVIDIA GeForce RTX 4090
Downloading Swiss lakes dataset...

AareML — Data Download & Preparation
Data directory: /storage/homefs/tn20y076/AareML/data
Datasets: 

============================================================
  3/3  Swiss Lakes (Bärenbold et al. 2026)
       Source: Eawag Open Data Portal
       Reference: Bärenbold et al. (2026), ESSD
============================================================
  Downloading Swiss Lakes dataset...
  URL:  https://opendata.eawag.ch/dataset/fb94526c-45eb-4666-8a7d-d016505c474d/resource/bf1657f3-2096-4b19-a2c5-45f858858777/download/longterm-swiss-lake-monitoring-data.zip
  Dest: /storage/homefs/tn20y076/AareML/data/swiss-lakes/longterm-swiss-lake-monitoring-data.zip

  Downloading wget → longterm-swiss-lake-monitoring-data.zip...
  URL:  https://opendata.eawag.ch/dataset/fb94526c-45eb-4666-8a7d-d016505c474d/resource/bf1657f3-2096-4b19-a2c5-45f858858777/download/longterm-swiss-lake-monitoring-data.zip
  Dest: /storage/homefs/tn20y076/AareML/data/swiss-lakes/longterm-swiss-lake-monitoring-data.zip

  curl → longterm-swiss-lake-monitoring-data.zip...
  Done: 123.9 MB in 7s
  Extracting...
  Swiss Lakes ready: 1849 CSV files in /storage/homefs/tn20y076/AareML/data/swiss-lakes

============================================================
  All done in 0.2 min
  You can now run the notebooks in order: 01 → 02 → 03 → 04 → 04b → 04c → 05 → 06 → 07 → 08 → 09 → 10 → 11 → 12 → 13 → 14 → 15 → 16
============================================================


Running notebook 10: Swiss Lakes EDA + LSTM...

Notebook 10 complete.
Job finished: Mon Jun  8 09:59:00 AM CEST 2026
