Job started: Tue Jun  9 01:03:22 AM CEST 2026
Notebook 15 complete. Job finished: Tue Jun  9 01:04:14 AM CEST 2026
[main 613e059] ubelix run slurm_script 2026-06-09 01:04
 10 files changed, 175 insertions(+), 152 deletions(-)
 create mode 100644 logs/job_15_rigor_5617231.err
 create mode 100644 logs/job_15_rigor_5617231.out
[main dea52fb] ubelix run slurm_script 2026-06-09 01:04 NB_EXIT=
 1 file changed, 4 insertions(+)
Push attempt 1 failed, retrying in 15s...
[main 4a97d82] ubelix run slurm_script 2026-06-09 01:04 NB_EXIT=
 2 files changed, 7 insertions(+)
Push attempt 2 failed, retrying in 15s...
[main 8db1313] ubelix run slurm_script 2026-06-09 01:04 NB_EXIT=
 2 files changed, 7 insertions(+)
Push attempt 3 failed, retrying in 15s...
[main 7a23268] ubelix run slurm_script 2026-06-09 01:05 NB_EXIT=
 2 files changed, 7 insertions(+)
Push attempt 4 failed, retrying in 15s...
[main 87f8005] ubelix run slurm_script 2026-06-09 01:05 NB_EXIT=
 2 files changed, 7 insertions(+)
Push attempt 5 failed, retrying in 15s...
