Job started: Mon Jun  8 09:28:59 PM CEST 2026
Node: gnode39

Running notebook 01: Data Exploration...

Notebook 01 complete.
Job finished: Mon Jun  8 09:30:26 PM CEST 2026
[main b5b0220] ubelix run slurm_script 2026-06-08 21:30
 4 files changed, 141 insertions(+), 121 deletions(-)
 create mode 100644 logs/job_01_eda_5617215.err
 create mode 100644 logs/job_01_eda_5617215.out
[main b24ff3d] ubelix run slurm_script 2026-06-08 21:30 NB_EXIT=
 1 file changed, 4 insertions(+)
Push attempt 1 failed, retrying in 15s...
[main 2688c5a] ubelix run slurm_script 2026-06-08 21:30 NB_EXIT=
 2 files changed, 7 insertions(+)
Push attempt 2 failed, retrying in 15s...
[main d9cfacd] ubelix run slurm_script 2026-06-08 21:31 NB_EXIT=
 2 files changed, 7 insertions(+)
Push attempt 3 failed, retrying in 15s...
[main 53cd5e6] ubelix run slurm_script 2026-06-08 21:31 NB_EXIT=
 2 files changed, 7 insertions(+)
Push attempt 4 failed, retrying in 15s...
[main ca083ee] ubelix run slurm_script 2026-06-08 21:31 NB_EXIT=
 2 files changed, 7 insertions(+)
Push attempt 5 failed, retrying in 15s...
