Job started: Mon Jun  8 11:27:15 PM CEST 2026
Node: gnode24

Running notebook 07: Lake EDA...

Notebook 07 complete.
Job finished: Mon Jun  8 11:27:32 PM CEST 2026
[main a120ed3] ubelix run slurm_script 2026-06-08 23:27
 4 files changed, 110 insertions(+)
 create mode 100644 logs/job_07_lake_eda_5617223.err
 create mode 100644 logs/job_07_lake_eda_5617223.out
[main aef586a] ubelix run slurm_script 2026-06-08 23:27 NB_EXIT=1
 1 file changed, 4 insertions(+)
Push attempt 1 failed, retrying in 15s...
[main 0101313] ubelix run slurm_script 2026-06-08 23:27 NB_EXIT=1
 2 files changed, 7 insertions(+)
Push attempt 2 failed, retrying in 15s...
[main 750b3a4] ubelix run slurm_script 2026-06-08 23:28 NB_EXIT=1
 2 files changed, 7 insertions(+)
Push attempt 3 failed, retrying in 15s...
[main 6c2ae57] ubelix run slurm_script 2026-06-08 23:28 NB_EXIT=1
 2 files changed, 7 insertions(+)
Push attempt 4 failed, retrying in 15s...
