Job started: Mon Jun  8 10:31:10 PM CEST 2026
Node: gnode39
GPU: NVIDIA GeForce RTX 4090

Running notebook 04: Multi-Site Evaluation...

Notebook 04 complete.
Job finished: Mon Jun  8 10:51:37 PM CEST 2026
[main bd5ee08] ubelix run slurm_script 2026-06-08 22:51
 12 files changed, 782 insertions(+), 783 deletions(-)
 create mode 100644 logs/job_04_multisite_5617218.err
 create mode 100644 logs/job_04_multisite_5617218.out
[main 2abde18] ubelix run slurm_script 2026-06-08 22:51 NB_EXIT=
 1 file changed, 4 insertions(+)
Push attempt 1 failed, retrying in 15s...
[main d8d7276] ubelix run slurm_script 2026-06-08 22:51 NB_EXIT=
 2 files changed, 8 insertions(+)
Push attempt 2 failed, retrying in 15s...
[main 7b1733d] ubelix run slurm_script 2026-06-08 22:52 NB_EXIT=
 2 files changed, 7 insertions(+)
Push attempt 3 failed, retrying in 15s...
[main 2df0ef2] ubelix run slurm_script 2026-06-08 22:52 NB_EXIT=
 2 files changed, 7 insertions(+)
Push attempt 4 failed, retrying in 15s...
[main 718bb2f] ubelix run slurm_script 2026-06-08 22:52 NB_EXIT=
 2 files changed, 7 insertions(+)
Push attempt 5 failed, retrying in 15s...
