[NbConvertApp] Converting notebook notebooks/04c_temp_precip_forecast.ipynb to notebook
Traceback (most recent call last):
  File "/storage/homefs/tn20y076/.conda/envs/aareml/bin/jupyter-nbconvert", line 6, in <module>
    sys.exit(main())
             ^^^^^^
  File "/storage/homefs/tn20y076/.conda/envs/aareml/lib/python3.11/site-packages/jupyter_core/application.py", line 284, in launch_instance
    super().launch_instance(argv=argv, **kwargs)
  File "/storage/homefs/tn20y076/.conda/envs/aareml/lib/python3.11/site-packages/traitlets/config/application.py", line 1075, in launch_instance
    app.start()
  File "/storage/homefs/tn20y076/.conda/envs/aareml/lib/python3.11/site-packages/nbconvert/nbconvertapp.py", line 420, in start
    self.convert_notebooks()
  File "/storage/homefs/tn20y076/.conda/envs/aareml/lib/python3.11/site-packages/nbconvert/nbconvertapp.py", line 597, in convert_notebooks
    self.convert_single_notebook(notebook_filename)
  File "/storage/homefs/tn20y076/.conda/envs/aareml/lib/python3.11/site-packages/nbconvert/nbconvertapp.py", line 563, in convert_single_notebook
    output, resources = self.export_single_notebook(
                        ^^^^^^^^^^^^^^^^^^^^^^^^^^^^
  File "/storage/homefs/tn20y076/.conda/envs/aareml/lib/python3.11/site-packages/nbconvert/nbconvertapp.py", line 487, in export_single_notebook
    output, resources = self.exporter.from_filename(
                        ^^^^^^^^^^^^^^^^^^^^^^^^^^^^
  File "/storage/homefs/tn20y076/.conda/envs/aareml/lib/python3.11/site-packages/nbconvert/exporters/exporter.py", line 201, in from_filename
    return self.from_file(f, resources=resources, **kw)
           ^^^^^^^^^^^^^^^^^^^^^^^^^^^^^^^^^^^^^^^^^^^^
  File "/storage/homefs/tn20y076/.conda/envs/aareml/lib/python3.11/site-packages/nbconvert/exporters/exporter.py", line 220, in from_file
    return self.from_notebook_node(
           ^^^^^^^^^^^^^^^^^^^^^^^^
  File "/storage/homefs/tn20y076/.conda/envs/aareml/lib/python3.11/site-packages/nbconvert/exporters/notebook.py", line 36, in from_notebook_node
    nb_copy, resources = super().from_notebook_node(nb, resources, **kw)
                         ^^^^^^^^^^^^^^^^^^^^^^^^^^^^^^^^^^^^^^^^^^^^^^^
  File "/storage/homefs/tn20y076/.conda/envs/aareml/lib/python3.11/site-packages/nbconvert/exporters/exporter.py", line 154, in from_notebook_node
    nb_copy, resources = self._preprocess(nb_copy, resources)
                         ^^^^^^^^^^^^^^^^^^^^^^^^^^^^^^^^^^^^
  File "/storage/homefs/tn20y076/.conda/envs/aareml/lib/python3.11/site-packages/nbconvert/exporters/exporter.py", line 353, in _preprocess
    nbc, resc = preprocessor(nbc, resc)
                ^^^^^^^^^^^^^^^^^^^^^^^
  File "/storage/homefs/tn20y076/.conda/envs/aareml/lib/python3.11/site-packages/nbconvert/preprocessors/base.py", line 48, in __call__
    return self.preprocess(nb, resources)
           ^^^^^^^^^^^^^^^^^^^^^^^^^^^^^^
  File "/storage/homefs/tn20y076/.conda/envs/aareml/lib/python3.11/site-packages/nbconvert/preprocessors/execute.py", line 103, in preprocess
    self.preprocess_cell(cell, resources, index)
  File "/storage/homefs/tn20y076/.conda/envs/aareml/lib/python3.11/site-packages/nbconvert/preprocessors/execute.py", line 124, in preprocess_cell
    cell = self.execute_cell(cell, index, store_history=True)
           ^^^^^^^^^^^^^^^^^^^^^^^^^^^^^^^^^^^^^^^^^^^^^^^^^^
  File "/storage/homefs/tn20y076/.conda/envs/aareml/lib/python3.11/site-packages/jupyter_core/utils/__init__.py", line 165, in wrapped
    return loop.run_until_complete(inner)
           ^^^^^^^^^^^^^^^^^^^^^^^^^^^^^^
  File "/storage/homefs/tn20y076/.conda/envs/aareml/lib/python3.11/asyncio/base_events.py", line 654, in run_until_complete
    return future.result()
           ^^^^^^^^^^^^^^^
  File "/storage/homefs/tn20y076/.conda/envs/aareml/lib/python3.11/site-packages/nbclient/client.py", line 1062, in async_execute_cell
    await self._check_raise_for_error(cell, cell_index, exec_reply)
  File "/storage/homefs/tn20y076/.conda/envs/aareml/lib/python3.11/site-packages/nbclient/client.py", line 918, in _check_raise_for_error
    raise CellExecutionError.from_cell_and_msg(cell, exec_reply_content)
nbclient.exceptions.CellExecutionError: An error occurred while executing the following cell:
------------------
# ── Summary: Temp-only vs Temp+EC vs zero-shot reference ────────────────
# Load zero-shot transfer results from nb04b (if available)
zs_path = RESULTS_DIR / 'temp_transfer_results.csv'
zs_mean_rmse = np.nan
if zs_path.exists():
    df_zs = pd.read_csv(zs_path)
    rmse_col = 'rmse_temp' if 'rmse_temp' in df_zs.columns else (
               'rmse'      if 'rmse'      in df_zs.columns else None)
    if rmse_col:
        zs_mean_rmse = df_zs[rmse_col].mean()
    print(f'Zero-shot reference loaded: {len(df_zs)} gauges')
else:
    print('Zero-shot reference not found (run nb04b first) — skipping.')

valid_multi = df_results.dropna(subset=['rmse_base', 'rmse_ec'])

summary = pd.DataFrame([
    {
        'model':        'Temp-only (this nb)',
        'n_gauges':     len(valid_multi),
        'mean_rmse_C':  round(valid_multi['rmse_base'].mean(), 3),
        'mean_nse':     round(valid_multi['nse_base'].mean(),  3),
        'notes':        'Single-feature autoregressive LSTM',
    },
    {
        'model':        'Temp + EC (this nb)',
        'n_gauges':     len(valid_multi),
        'mean_rmse_C':  round(valid_multi['rmse_ec'].mean(), 3),
        'mean_nse':     round(valid_multi['nse_ec'].mean(),  3),
        'notes':        'EC as precipitation proxy (dilution signal)',
    },
    {
        'model':        'Zero-shot transfer (nb04b)',
        'n_gauges':     None,
        'mean_rmse_C':  round(zs_mean_rmse, 3) if not np.isnan(zs_mean_rmse) else 'N/A',
        'mean_nse':     None,
        'notes':        'Model trained on gauge 2473, applied to all others',
    },
])

out_summary = RESULTS_DIR / 'temp_forecast_comparison.csv'
summary.to_csv(out_summary, index=False)
print(f'Summary saved to {out_summary}')
print()
print(summary.to_string(index=False))

------------------

----- stdout -----
Zero-shot reference loaded: 15 gauges
------------------

[31m---------------------------------------------------------------------------[39m
[31mNameError[39m                                 Traceback (most recent call last)
[36mCell[39m[36m [39m[32mIn[5][39m[32m, line 15[39m
[32m     12[39m [38;5;28;01melse[39;00m:
[32m     13[39m     [38;5;28mprint[39m([33m'[39m[33mZero-shot reference not found (run nb04b first) — skipping.[39m[33m'[39m)
[32m---> [39m[32m15[39m valid_multi = [43mdf_results[49m.dropna(subset=[[33m'[39m[33mrmse_base[39m[33m'[39m, [33m'[39m[33mrmse_ec[39m[33m'[39m])
[32m     17[39m summary = pd.DataFrame([
[32m     18[39m     {
[32m     19[39m         [33m'[39m[33mmodel[39m[33m'[39m:        [33m'[39m[33mTemp-only (this nb)[39m[33m'[39m,
[32m   (...)[39m[32m     38[39m     },
[32m     39[39m ])
[32m     41[39m out_summary = RESULTS_DIR / [33m'[39m[33mtemp_forecast_comparison.csv[39m[33m'[39m

[31mNameError[39m: name 'df_results' is not defined

