[NbConvertApp] Converting notebook notebooks/17_neuralhydrology.ipynb to notebook
Traceback (most recent call last):
  File "/software.9/software/Anaconda3/2024.02-1/bin/jupyter-nbconvert", line 11, in <module>
    sys.exit(main())
             ^^^^^^
  File "/software.9/software/Anaconda3/2024.02-1/lib/python3.11/site-packages/jupyter_core/application.py", line 280, in launch_instance
    super().launch_instance(argv=argv, **kwargs)
  File "/software.9/software/Anaconda3/2024.02-1/lib/python3.11/site-packages/traitlets/config/application.py", line 992, in launch_instance
    app.start()
  File "/software.9/software/Anaconda3/2024.02-1/lib/python3.11/site-packages/nbconvert/nbconvertapp.py", line 412, in start
    self.convert_notebooks()
  File "/software.9/software/Anaconda3/2024.02-1/lib/python3.11/site-packages/nbconvert/nbconvertapp.py", line 590, in convert_notebooks
    self.convert_single_notebook(notebook_filename)
  File "/software.9/software/Anaconda3/2024.02-1/lib/python3.11/site-packages/nbconvert/nbconvertapp.py", line 556, in convert_single_notebook
    output, resources = self.export_single_notebook(
                        ^^^^^^^^^^^^^^^^^^^^^^^^^^^^
  File "/software.9/software/Anaconda3/2024.02-1/lib/python3.11/site-packages/nbconvert/nbconvertapp.py", line 479, in export_single_notebook
    output, resources = self.exporter.from_filename(
                        ^^^^^^^^^^^^^^^^^^^^^^^^^^^^
  File "/software.9/software/Anaconda3/2024.02-1/lib/python3.11/site-packages/nbconvert/exporters/exporter.py", line 203, in from_filename
    return self.from_file(f, resources=resources, **kw)
           ^^^^^^^^^^^^^^^^^^^^^^^^^^^^^^^^^^^^^^^^^^^^
  File "/software.9/software/Anaconda3/2024.02-1/lib/python3.11/site-packages/nbconvert/exporters/exporter.py", line 222, in from_file
    return self.from_notebook_node(
           ^^^^^^^^^^^^^^^^^^^^^^^^
  File "/software.9/software/Anaconda3/2024.02-1/lib/python3.11/site-packages/nbconvert/exporters/notebook.py", line 36, in from_notebook_node
    nb_copy, resources = super().from_notebook_node(nb, resources, **kw)
                         ^^^^^^^^^^^^^^^^^^^^^^^^^^^^^^^^^^^^^^^^^^^^^^^
  File "/software.9/software/Anaconda3/2024.02-1/lib/python3.11/site-packages/nbconvert/exporters/exporter.py", line 156, in from_notebook_node
    nb_copy, resources = self._preprocess(nb_copy, resources)
                         ^^^^^^^^^^^^^^^^^^^^^^^^^^^^^^^^^^^^
  File "/software.9/software/Anaconda3/2024.02-1/lib/python3.11/site-packages/nbconvert/exporters/exporter.py", line 354, in _preprocess
    nbc, resc = preprocessor(nbc, resc)  # type:ignore[operator]
                ^^^^^^^^^^^^^^^^^^^^^^^
  File "/software.9/software/Anaconda3/2024.02-1/lib/python3.11/site-packages/nbconvert/preprocessors/base.py", line 48, in __call__
    return self.preprocess(nb, resources)
           ^^^^^^^^^^^^^^^^^^^^^^^^^^^^^^
  File "/software.9/software/Anaconda3/2024.02-1/lib/python3.11/site-packages/nbconvert/preprocessors/execute.py", line 102, in preprocess
    self.preprocess_cell(cell, resources, index)
  File "/software.9/software/Anaconda3/2024.02-1/lib/python3.11/site-packages/nbconvert/preprocessors/execute.py", line 123, in preprocess_cell
    cell = self.execute_cell(cell, index, store_history=True)
           ^^^^^^^^^^^^^^^^^^^^^^^^^^^^^^^^^^^^^^^^^^^^^^^^^^
  File "/software.9/software/Anaconda3/2024.02-1/lib/python3.11/site-packages/jupyter_core/utils/__init__.py", line 173, in wrapped
    return loop.run_until_complete(inner)
           ^^^^^^^^^^^^^^^^^^^^^^^^^^^^^^
  File "/software.9/software/Anaconda3/2024.02-1/lib/python3.11/asyncio/base_events.py", line 653, in run_until_complete
    return future.result()
           ^^^^^^^^^^^^^^^
  File "/software.9/software/Anaconda3/2024.02-1/lib/python3.11/site-packages/nbclient/client.py", line 1058, in async_execute_cell
    await self._check_raise_for_error(cell, cell_index, exec_reply)
  File "/software.9/software/Anaconda3/2024.02-1/lib/python3.11/site-packages/nbclient/client.py", line 914, in _check_raise_for_error
    raise CellExecutionError.from_cell_and_msg(cell, exec_reply_content)
nbclient.exceptions.CellExecutionError: An error occurred while executing the following cell:
------------------
# NeuralHydrology GenericDataset requires:
# data/
#   time_series/
#     <gauge_id>.nc   — one NetCDF per gauge with all time series
#   attributes/
#     attributes.csv  — static attributes indexed by gauge_id

NH_DATA_DIR.mkdir(parents=True, exist_ok=True)
ts_dir   = NH_DATA_DIR / 'time_series'
attr_dir = NH_DATA_DIR / 'attributes'
ts_dir.mkdir(exist_ok=True)
attr_dir.mkdir(exist_ok=True)

# Load base attributes
base_df = pd.read_csv(BASE_ATTRS, comment='#')
base_df['gauge_id'] = base_df['gauge_id'].astype(str)

# Load landcover (most recent year per gauge)
def load_landcover(gid):
    lc_file = LANDCOVER_DIR / f'camels_ch_chem_landcover_{gid}.csv'
    if not lc_file.exists():
        return {}
    df = pd.read_csv(lc_file)
    df['date'] = pd.to_datetime(df['date'])
    latest = df.sort_values('date').iloc[-1]
    return {
        'forest_frac': (latest.get('dwood_perc', 0) + latest.get('ewood_perc', 0) + latest.get('mixed_wood_perc', 0)) / 100,
        'crop_frac':   latest.get('crop_perc', 0) / 100,
        'urban_frac':  latest.get('urban_perc', 0) / 100,
        'ice_frac':    latest.get('ice_perc', 0) / 100,
    }

print("Converting time series to NetCDF...")
converted = []
for f in sorted(CHEM_DAILY.glob('camels_ch_chem_daily_*.csv')):
    gid = f.stem.split('_')[-1]
    try:
        df = pd.read_csv(f, parse_dates=['date'], index_col='date')
        # Rename columns to standard names
        df = df.rename(columns={
            'temp_sensor':  'water_temperature',
            'pH_sensor':    'pH',
            'ec_sensor':    'EC',
            'O2C_sensor':   'dissolved_oxygen',
        })
        # Create xarray dataset
        ds = xr.Dataset.from_dataframe(df)
        ds.to_netcdf(ts_dir / f'{gid}.nc')
        converted.append(gid)
    except Exception as e:
        print(f"  {gid}: {e}")

print(f"Converted {len(converted)} gauge time series to NetCDF")

# Build attributes CSV
print("Building static attributes...")
attr_rows = []
for gid in converted:
    base_row = base_df[base_df['gauge_id'] == str(gid)]
    if base_row.empty:
        continue
    b = base_row.iloc[0]
    lc = load_landcover(gid)
    attr_rows.append({
        'gauge_id':    gid,
        'log_area':    np.log1p(float(b.get('area', 1))),
        'elev_mean':   float(b.get('elev_mean', 0)),
        'aridity':     float(b.get('aridity', 0)),
        'p_mean':      float(b.get('p_mean', 0)),
        'frac_snow':   float(b.get('frac_snow', 0)),
        'runoff_ratio':float(b.get('runoff_ratio', 0)),
        'pet_mean':    float(b.get('pet_mean', 0)),
        'forest_frac': lc.get('forest_frac', 0),
        'crop_frac':   lc.get('crop_frac', 0),
        'urban_frac':  lc.get('urban_frac', 0),
    })

attrs_df = pd.DataFrame(attr_rows).set_index('gauge_id')
attrs_df.to_csv(attr_dir / 'attributes.csv')
print(f"Attributes saved: {len(attrs_df)} gauges × {len(attrs_df.columns)} features")
print(attrs_df.head(3))
------------------

----- stdout -----
Converting time series to NetCDF...
  2009: name 'xr' is not defined
  2011: name 'xr' is not defined
  2016: name 'xr' is not defined
----- stdout -----
  2018: name 'xr' is not defined
----- stdout -----
  2019: name 'xr' is not defined
  2029: name 'xr' is not defined
  2030: name 'xr' is not defined
  2033: name 'xr' is not defined
  2034: name 'xr' is not defined
  2044: name 'xr' is not defined
  2056: name 'xr' is not defined
  2067: name 'xr' is not defined
  2068: name 'xr' is not defined
  2070: name 'xr' is not defined
  2084: name 'xr' is not defined
----- stdout -----
  2085: name 'xr' is not defined
  2091: name 'xr' is not defined
----- stdout -----
  2104: name 'xr' is not defined
  2106: name 'xr' is not defined
  2109: name 'xr' is not defined
  2112: name 'xr' is not defined
  2113: name 'xr' is not defined
  2126: name 'xr' is not defined
  2130: name 'xr' is not defined
  2135: name 'xr' is not defined
  2139: name 'xr' is not defined
  2143: name 'xr' is not defined
  2150: name 'xr' is not defined
  2152: name 'xr' is not defined
----- stdout -----
  2159: name 'xr' is not defined
  2161: name 'xr' is not defined
----- stdout -----
  2167: name 'xr' is not defined
  2170: name 'xr' is not defined
  2174: name 'xr' is not defined
  2176: name 'xr' is not defined
  2179: name 'xr' is not defined
  2181: name 'xr' is not defined
  2205: name 'xr' is not defined
  2210: name 'xr' is not defined
  2232: name 'xr' is not defined
  2243: name 'xr' is not defined
  2256: name 'xr' is not defined
  2265: name 'xr' is not defined
  2269: name 'xr' is not defined
----- stdout -----
  2276: name 'xr' is not defined
  2282: name 'xr' is not defined
----- stdout -----
  2288: name 'xr' is not defined
  2290: name 'xr' is not defined
  2307: name 'xr' is not defined
  2308: name 'xr' is not defined
  2327: name 'xr' is not defined
  2343: name 'xr' is not defined
  2347: name 'xr' is not defined
  2351: name 'xr' is not defined
  2356: name 'xr' is not defined
----- stdout -----
  2366: name 'xr' is not defined
  2369: name 'xr' is not defined
  2372: name 'xr' is not defined
  2374: name 'xr' is not defined
  2386: name 'xr' is not defined
----- stdout -----
  2392: name 'xr' is not defined
  2410: name 'xr' is not defined
  2414: name 'xr' is not defined
  2415: name 'xr' is not defined
  2432: name 'xr' is not defined
  2433: name 'xr' is not defined
  2434: name 'xr' is not defined
  2457: name 'xr' is not defined
  2462: name 'xr' is not defined
  2467: name 'xr' is not defined
  2473: name 'xr' is not defined
  2481: name 'xr' is not defined
----- stdout -----
  2485: name 'xr' is not defined
  2493: name 'xr' is not defined
  2500: name 'xr' is not defined
  2604: name 'xr' is not defined
  2606: name 'xr' is not defined
  2608: name 'xr' is not defined
  2609: name 'xr' is not defined
----- stdout -----
  2612: name 'xr' is not defined
  2613: name 'xr' is not defined
  2615: name 'xr' is not defined
  2617: name 'xr' is not defined
  2623: name 'xr' is not defined
  2634: name 'xr' is not defined
  2635: name 'xr' is not defined
Converted 0 gauge time series to NetCDF
Building static attributes...
------------------

[31m---------------------------------------------------------------------------[39m
[31mKeyError[39m                                  Traceback (most recent call last)
[32m/scratch/local/5062506/ipykernel_1836814/3264954044.py[39m in [36m?[39m[34m()[39m
[32m     74[39m         [33m'crop_frac'[39m:   lc.get([33m'crop_frac'[39m, [32m0[39m),
[32m     75[39m         [33m'urban_frac'[39m:  lc.get([33m'urban_frac'[39m, [32m0[39m),
[32m     76[39m     })
[32m     77[39m 
[32m---> [39m[32m78[39m attrs_df = pd.DataFrame(attr_rows).set_index([33m'gauge_id'[39m)
[32m     79[39m attrs_df.to_csv(attr_dir / [33m'attributes.csv'[39m)
[32m     80[39m print([33mf"Attributes saved: {len(attrs_df)} gauges × {len(attrs_df.columns)} features"[39m)
[32m     81[39m print(attrs_df.head([32m3[39m))

[32m~/.conda/envs/aareml/lib/python3.11/site-packages/pandas/core/frame.py[39m in [36m?[39m[34m(self, keys, drop, append, inplace, verify_integrity)[39m
[32m   6118[39m                     [38;5;28;01mif[39;00m [38;5;28;01mnot[39;00m found:
[32m   6119[39m                         missing.append(col)
[32m   6120[39m 
[32m   6121[39m         [38;5;28;01mif[39;00m missing:
[32m-> [39m[32m6122[39m             [38;5;28;01mraise[39;00m KeyError([33mf"None of {missing} are in the columns"[39m)
[32m   6123[39m 
[32m   6124[39m         [38;5;28;01mif[39;00m inplace:
[32m   6125[39m             frame = self

[31mKeyError[39m: "None of ['gauge_id'] are in the columns"

