[NbConvertApp] Converting notebook notebooks/02_baselines.ipynb to notebook
[NbConvertApp] Writing 92437 bytes to notebooks/02_baselines.ipynb
From https://github.com/polar-bear-after-lunch/AareML
 * branch            main       -> FETCH_HEAD
error: cannot rebase: You have unstaged changes.
error: Please commit or stash them.
From https://github.com/polar-bear-after-lunch/AareML
 * branch            main       -> FETCH_HEAD
error: cannot rebase: You have unstaged changes.
error: Please commit or stash them.
From https://github.com/polar-bear-after-lunch/AareML
 * branch            main       -> FETCH_HEAD
error: cannot rebase: You have unstaged changes.
error: Please commit or stash them.
From https://github.com/polar-bear-after-lunch/AareML
 * branch            main       -> FETCH_HEAD
error: cannot rebase: You have unstaged changes.
error: Please commit or stash them.
From https://github.com/polar-bear-after-lunch/AareML
 * branch            main       -> FETCH_HEAD
   323dde0..8485f49  main       -> origin/main
error: cannot rebase: You have unstaged changes.
error: Please commit or stash them.
