[NbConvertApp] Converting notebook notebooks/17_neuralhydrology.ipynb to notebook
fatal: Not a valid object name HEAD
Traceback (most recent call last):
  File "/software.9/software/Anaconda3/2024.02-1/bin/jupyter-nbconvert", line 11, in <module>
    sys.exit(main())
             ^^^^^^
  File "/software.9/software/Anaconda3/2024.02-1/lib/python3.11/site-packages/jupyter_core/application.py", line 280, in launch_instance
    super().launch_instance(argv=argv, **kwargs)
  File "/software.9/software/Anaconda3/2024.02-1/lib/python3.11/site-packages/traitlets/config/application.py", line 992, in launch_instance
    app.start()
  File "/software.9/software/Anaconda3/2024.02-1/lib/python3.11/site-packages/nbconvert/nbconvertapp.py", line 412, in start
    self.convert_notebooks()
  File "/software.9/software/Anaconda3/2024.02-1/lib/python3.11/site-packages/nbconvert/nbconvertapp.py", line 590, in convert_notebooks
    self.convert_single_notebook(notebook_filename)
  File "/software.9/software/Anaconda3/2024.02-1/lib/python3.11/site-packages/nbconvert/nbconvertapp.py", line 556, in convert_single_notebook
    output, resources = self.export_single_notebook(
                        ^^^^^^^^^^^^^^^^^^^^^^^^^^^^
  File "/software.9/software/Anaconda3/2024.02-1/lib/python3.11/site-packages/nbconvert/nbconvertapp.py", line 479, in export_single_notebook
    output, resources = self.exporter.from_filename(
                        ^^^^^^^^^^^^^^^^^^^^^^^^^^^^
  File "/software.9/software/Anaconda3/2024.02-1/lib/python3.11/site-packages/nbconvert/exporters/exporter.py", line 203, in from_filename
    return self.from_file(f, resources=resources, **kw)
           ^^^^^^^^^^^^^^^^^^^^^^^^^^^^^^^^^^^^^^^^^^^^
  File "/software.9/software/Anaconda3/2024.02-1/lib/python3.11/site-packages/nbconvert/exporters/exporter.py", line 222, in from_file
    return self.from_notebook_node(
           ^^^^^^^^^^^^^^^^^^^^^^^^
  File "/software.9/software/Anaconda3/2024.02-1/lib/python3.11/site-packages/nbconvert/exporters/notebook.py", line 36, in from_notebook_node
    nb_copy, resources = super().from_notebook_node(nb, resources, **kw)
                         ^^^^^^^^^^^^^^^^^^^^^^^^^^^^^^^^^^^^^^^^^^^^^^^
  File "/software.9/software/Anaconda3/2024.02-1/lib/python3.11/site-packages/nbconvert/exporters/exporter.py", line 156, in from_notebook_node
    nb_copy, resources = self._preprocess(nb_copy, resources)
                         ^^^^^^^^^^^^^^^^^^^^^^^^^^^^^^^^^^^^
  File "/software.9/software/Anaconda3/2024.02-1/lib/python3.11/site-packages/nbconvert/exporters/exporter.py", line 354, in _preprocess
    nbc, resc = preprocessor(nbc, resc)  # type:ignore[operator]
                ^^^^^^^^^^^^^^^^^^^^^^^
  File "/software.9/software/Anaconda3/2024.02-1/lib/python3.11/site-packages/nbconvert/preprocessors/base.py", line 48, in __call__
    return self.preprocess(nb, resources)
           ^^^^^^^^^^^^^^^^^^^^^^^^^^^^^^
  File "/software.9/software/Anaconda3/2024.02-1/lib/python3.11/site-packages/nbconvert/preprocessors/execute.py", line 102, in preprocess
    self.preprocess_cell(cell, resources, index)
  File "/software.9/software/Anaconda3/2024.02-1/lib/python3.11/site-packages/nbconvert/preprocessors/execute.py", line 123, in preprocess_cell
    cell = self.execute_cell(cell, index, store_history=True)
           ^^^^^^^^^^^^^^^^^^^^^^^^^^^^^^^^^^^^^^^^^^^^^^^^^^
  File "/software.9/software/Anaconda3/2024.02-1/lib/python3.11/site-packages/jupyter_core/utils/__init__.py", line 173, in wrapped
    return loop.run_until_complete(inner)
           ^^^^^^^^^^^^^^^^^^^^^^^^^^^^^^
  File "/software.9/software/Anaconda3/2024.02-1/lib/python3.11/asyncio/base_events.py", line 653, in run_until_complete
    return future.result()
           ^^^^^^^^^^^^^^^
  File "/software.9/software/Anaconda3/2024.02-1/lib/python3.11/site-packages/nbclient/client.py", line 1058, in async_execute_cell
    await self._check_raise_for_error(cell, cell_index, exec_reply)
  File "/software.9/software/Anaconda3/2024.02-1/lib/python3.11/site-packages/nbclient/client.py", line 914, in _check_raise_for_error
    raise CellExecutionError.from_cell_and_msg(cell, exec_reply_content)
nbclient.exceptions.CellExecutionError: An error occurred while executing the following cell:
------------------
from neuralhydrology.nh_run import start_run
from neuralhydrology.utils.config import Config
# Patch get_git_hash to avoid CalledProcessError on non-git install dirs
import neuralhydrology.utils.logging_utils as _lu
_lu.get_git_hash = lambda: None

NH_RUN_DIR.mkdir(parents=True, exist_ok=True)
cfg = Config(NH_CONFIG)

print("Starting NeuralHydrology EA-LSTM training...")
print(f"  Gauges: {len(do_gauge_strs)}")
print(f"  Target: dissolved_oxygen")
print(f"  Static attributes: {len(attrs_df.columns)}")
print(f"  Hidden size: 128, Epochs: 30")

start_run(config_file=NH_CONFIG, gpu=0 if DEVICE=='cuda' else -1)
print("Training complete.")
------------------

----- stdout -----
Starting NeuralHydrology EA-LSTM training...
  Gauges: 16
  Target: dissolved_oxygen
  Static attributes: 10
  Hidden size: 128, Epochs: 30
2026-06-06 00:17:05,814: Logging to /storage/homefs/tn20y076/AareML/results/nh_run/aareml_ealstm_0606_001705/output.log initialized.
----- stdout -----
2026-06-06 00:17:05,814: ### Folder structure created at /storage/homefs/tn20y076/AareML/results/nh_run/aareml_ealstm_0606_001705
----- stdout -----
2026-06-06 00:17:05,814: ### Run configurations for aareml_ealstm
----- stdout -----
2026-06-06 00:17:05,815: experiment_name: aareml_ealstm
----- stdout -----
2026-06-06 00:17:05,815: run_dir: /storage/homefs/tn20y076/AareML/results/nh_run/aareml_ealstm_0606_001705
----- stdout -----
2026-06-06 00:17:05,815: train_basin_file: /storage/homefs/tn20y076/AareML/data/nh_dataset/basins_train.txt
----- stdout -----
2026-06-06 00:17:05,815: validation_basin_file: /storage/homefs/tn20y076/AareML/data/nh_dataset/basins_val.txt
----- stdout -----
2026-06-06 00:17:05,816: test_basin_file: /storage/homefs/tn20y076/AareML/data/nh_dataset/basins_test.txt
----- stdout -----
2026-06-06 00:17:05,816: dataset: generic
----- stdout -----
2026-06-06 00:17:05,816: data_dir: /storage/homefs/tn20y076/AareML/data/nh_dataset
----- stdout -----
2026-06-06 00:17:05,816: dynamic_inputs: ['water_temperature', 'pH', 'EC', 'dissolved_oxygen']
----- stdout -----
2026-06-06 00:17:05,816: target_variables: ['dissolved_oxygen']
----- stdout -----
2026-06-06 00:17:05,817: static_attributes: ['log_area', 'elev_mean', 'aridity', 'p_mean', 'frac_snow', 'runoff_ratio', 'pet_mean', 'forest_frac', 'crop_frac', 'urban_frac']
----- stdout -----
2026-06-06 00:17:05,817: train_start_date: 1981-01-01 00:00:00
----- stdout -----
2026-06-06 00:17:05,817: train_end_date: 2014-12-31 00:00:00
----- stdout -----
2026-06-06 00:17:05,817: validation_start_date: 2015-01-01 00:00:00
----- stdout -----
2026-06-06 00:17:05,818: validation_end_date: 2016-12-31 00:00:00
----- stdout -----
2026-06-06 00:17:05,818: test_start_date: 2017-01-01 00:00:00
----- stdout -----
2026-06-06 00:17:05,818: test_end_date: 2020-12-31 00:00:00
----- stdout -----
2026-06-06 00:17:05,818: seq_length: 21
----- stdout -----
2026-06-06 00:17:05,818: predict_last_n: 14
----- stdout -----
2026-06-06 00:17:05,819: model: ealstm
----- stdout -----
2026-06-06 00:17:05,819: head: regression
----- stdout -----
2026-06-06 00:17:05,819: hidden_size: 128
----- stdout -----
2026-06-06 00:17:05,819: initial_forget_bias: 3
----- stdout -----
2026-06-06 00:17:05,819: output_dropout: 0.4
----- stdout -----
2026-06-06 00:17:05,820: batch_size: 256
----- stdout -----
2026-06-06 00:17:05,820: epochs: 30
----- stdout -----
2026-06-06 00:17:05,820: learning_rate: {0: 0.001, 10: 0.0005}
----- stdout -----
2026-06-06 00:17:05,820: optimizer: Adam
----- stdout -----
2026-06-06 00:17:05,820: clip_gradient_norm: 1.0
----- stdout -----
2026-06-06 00:17:05,821: loss: NSE
----- stdout -----
2026-06-06 00:17:05,821: metrics: ['NSE', 'RMSE', 'KGE']
----- stdout -----
2026-06-06 00:17:05,821: log_tensorboard: False
----- stdout -----
2026-06-06 00:17:05,821: save_git_diff: False
----- stdout -----
2026-06-06 00:17:05,822: seed: 42
----- stdout -----
2026-06-06 00:17:05,822: device: cuda:0
----- stdout -----
2026-06-06 00:17:05,822: num_workers: 4
----- stdout -----
2026-06-06 00:17:05,822: number_of_basins: 16
----- stdout -----
2026-06-06 00:17:05,822: train_dir: /storage/homefs/tn20y076/AareML/results/nh_run/aareml_ealstm_0606_001705/train_data
----- stdout -----
2026-06-06 00:17:05,823: img_log_dir: /storage/homefs/tn20y076/AareML/results/nh_run/aareml_ealstm_0606_001705/img_log
----- stdout -----
2026-06-06 00:17:05,839: ### Device cuda:0 will be used for training
----- stdout -----
2026-06-06 00:17:05,844: Loading basin data into xarray data set.
----- stdout -----
  0%|          | 0/16 [00:00<?, ?it/s]
----- stdout -----
 75%|███████▌  | 12/16 [00:00<00:00, 112.15it/s]
----- stdout -----
100%|██████████| 16/16 [00:00<00:00, 116.25it/s]
----- stdout -----

2026-06-06 00:17:05,989: Calculating target variable stds per basin
----- stdout -----
  0%|          | 0/16 [00:00<?, ?it/s]
----- stdout -----
100%|██████████| 16/16 [00:00<00:00, 1815.03it/s]
----- stdout -----

2026-06-06 00:17:06,004: Create lookup table and convert to pytorch tensor
----- stdout -----
  0%|          | 0/16 [00:00<?, ?it/s]
----- stdout -----
  6%|▋         | 1/16 [00:00<00:13,  1.14it/s]
----- stdout -----
 12%|█▎        | 2/16 [00:01<00:06,  2.25it/s]
----- stdout -----
 81%|████████▏ | 13/16 [00:01<00:00, 16.40it/s]
----- stdout -----
100%|██████████| 16/16 [00:01<00:00, 12.72it/s]
----- stdout -----

----- stderr -----
fatal: Not a valid object name HEAD
------------------

[31m---------------------------------------------------------------------------[39m
[31mCalledProcessError[39m                        Traceback (most recent call last)
[36mCell[39m[36m [39m[32mIn[4][39m[32m, line 16[39m
[32m     13[39m [38;5;28mprint[39m([33mf[39m[33m"[39m[33m  Static attributes: [39m[38;5;132;01m{[39;00m[38;5;28mlen[39m(attrs_df.columns)[38;5;132;01m}[39;00m[33m"[39m)
[32m     14[39m [38;5;28mprint[39m([33mf[39m[33m"[39m[33m  Hidden size: 128, Epochs: 30[39m[33m"[39m)
[32m---> [39m[32m16[39m [43mstart_run[49m[43m([49m[43mconfig_file[49m[43m=[49m[43mNH_CONFIG[49m[43m,[49m[43m [49m[43mgpu[49m[43m=[49m[32;43m0[39;49m[43m [49m[38;5;28;43;01mif[39;49;00m[43m [49m[43mDEVICE[49m[43m==[49m[33;43m'[39;49m[33;43mcuda[39;49m[33;43m'[39;49m[43m [49m[38;5;28;43;01melse[39;49;00m[43m [49m[43m-[49m[32;43m1[39;49m[43m)[49m
[32m     17[39m [38;5;28mprint[39m([33m"[39m[33mTraining complete.[39m[33m"[39m)

[36mFile [39m[32m~/.local/lib/python3.11/site-packages/neuralhydrology/nh_run.py:77[39m, in [36mstart_run[39m[34m(config_file, gpu)[39m
[32m     74[39m [38;5;28;01mif[39;00m gpu [38;5;129;01mis[39;00m [38;5;129;01mnot[39;00m [38;5;28;01mNone[39;00m [38;5;129;01mand[39;00m gpu < [32m0[39m:
[32m     75[39m     config.device = [33m"[39m[33mcpu[39m[33m"[39m
[32m---> [39m[32m77[39m [43mstart_training[49m[43m([49m[43mconfig[49m[43m)[49m

[36mFile [39m[32m~/.local/lib/python3.11/site-packages/neuralhydrology/training/train.py:19[39m, in [36mstart_training[39m[34m(cfg)[39m
[32m     17[39m [38;5;28;01melse[39;00m:
[32m     18[39m     [38;5;28;01mraise[39;00m [38;5;167;01mValueError[39;00m([33mf[39m[33m"[39m[33mUnknown head [39m[38;5;132;01m{[39;00mcfg.head[38;5;132;01m}[39;00m[33m.[39m[33m"[39m)
[32m---> [39m[32m19[39m [43mtrainer[49m[43m.[49m[43minitialize_training[49m[43m([49m[43m)[49m
[32m     20[39m trainer.train_and_validate()

[36mFile [39m[32m~/.local/lib/python3.11/site-packages/neuralhydrology/training/basetrainer.py:183[39m, in [36mBaseTrainer.initialize_training[39m[34m(self)[39m
[32m    180[39m [38;5;28;01mif[39;00m [38;5;28mself[39m.cfg.is_continue_training:
[32m    181[39m     [38;5;28mself[39m._restore_training_state()
[32m--> [39m[32m183[39m [38;5;28mself[39m.experiment_logger = [43mLogger[49m[43m([49m[43mcfg[49m[43m=[49m[38;5;28;43mself[39;49m[43m.[49m[43mcfg[49m[43m)[49m
[32m    184[39m [38;5;28;01mif[39;00m [38;5;28mself[39m.cfg.log_tensorboard:
[32m    185[39m     [38;5;28mself[39m.experiment_logger.start_tb()

[36mFile [39m[32m~/.local/lib/python3.11/site-packages/neuralhydrology/training/logger.py:31[39m, in [36mLogger.__init__[39m[34m(self, cfg)[39m
[32m     28[39m [38;5;28mself[39m._img_log_dir = cfg.img_log_dir
[32m     30[39m [38;5;66;03m# get git commit hash if folder is a git repository[39;00m
[32m---> [39m[32m31[39m cfg.update_config({[33m'[39m[33mcommit_hash[39m[33m'[39m: [43mget_git_hash[49m[43m([49m[43m)[49m})
[32m     33[39m [38;5;66;03m# save git diff to file if branch is dirty[39;00m
[32m     34[39m [38;5;28;01mif[39;00m cfg.save_git_diff:

[36mFile [39m[32m~/.local/lib/python3.11/site-packages/neuralhydrology/utils/logging_utils.py:45[39m, in [36mget_git_hash[39m[34m()[39m
[32m     42[39m [38;5;28;01mtry[39;00m:
[32m     43[39m     [38;5;28;01mif[39;00m subprocess.call([[33m"[39m[33mgit[39m[33m"[39m, [33m"[39m[33m-C[39m[33m"[39m, current_dir, [33m"[39m[33mbranch[39m[33m"[39m], stderr=subprocess.DEVNULL,
[32m     44[39m                        stdout=subprocess.DEVNULL) == [32m0[39m:
[32m---> [39m[32m45[39m         [38;5;28;01mreturn[39;00m [43msubprocess[49m[43m.[49m[43mcheck_output[49m[43m([49m[43m[[49m[33;43m"[39;49m[33;43mgit[39;49m[33;43m"[39;49m[43m,[49m[43m [49m[33;43m"[39;49m[33;43m-C[39;49m[33;43m"[39;49m[43m,[49m[43m [49m[43mcurrent_dir[49m[43m,[49m[43m [49m[33;43m"[39;49m[33;43mdescribe[39;49m[33;43m"[39;49m[43m,[49m[43m [49m[33;43m"[39;49m[33;43m--always[39;49m[33;43m"[39;49m[43m][49m[43m)[49m.strip().decode([33m'[39m[33mascii[39m[33m'[39m)
[32m     46[39m [38;5;28;01mexcept[39;00m [38;5;167;01mOSError[39;00m:
[32m     47[39m     [38;5;28;01mreturn[39;00m [38;5;28;01mNone[39;00m

[36mFile [39m[32m~/.conda/envs/aareml/lib/python3.11/subprocess.py:466[39m, in [36mcheck_output[39m[34m(timeout, *popenargs, **kwargs)[39m
[32m    463[39m         empty = [33mb[39m[33m'[39m[33m'[39m
[32m    464[39m     kwargs[[33m'[39m[33minput[39m[33m'[39m] = empty
[32m--> [39m[32m466[39m [38;5;28;01mreturn[39;00m [43mrun[49m[43m([49m[43m*[49m[43mpopenargs[49m[43m,[49m[43m [49m[43mstdout[49m[43m=[49m[43mPIPE[49m[43m,[49m[43m [49m[43mtimeout[49m[43m=[49m[43mtimeout[49m[43m,[49m[43m [49m[43mcheck[49m[43m=[49m[38;5;28;43;01mTrue[39;49;00m[43m,[49m
[32m    467[39m [43m           [49m[43m*[49m[43m*[49m[43mkwargs[49m[43m)[49m.stdout

[36mFile [39m[32m~/.conda/envs/aareml/lib/python3.11/subprocess.py:571[39m, in [36mrun[39m[34m(input, capture_output, timeout, check, *popenargs, **kwargs)[39m
[32m    569[39m     retcode = process.poll()
[32m    570[39m     [38;5;28;01mif[39;00m check [38;5;129;01mand[39;00m retcode:
[32m--> [39m[32m571[39m         [38;5;28;01mraise[39;00m CalledProcessError(retcode, process.args,
[32m    572[39m                                  output=stdout, stderr=stderr)
[32m    573[39m [38;5;28;01mreturn[39;00m CompletedProcess(process.args, retcode, stdout, stderr)

[31mCalledProcessError[39m: Command '['git', '-C', '/storage/homefs/tn20y076/.local/lib/python3.11/site-packages/neuralhydrology/utils', 'describe', '--always']' returned non-zero exit status 128.

To https://github.com/polar-bear-after-lunch/AareML.git
   7bd2ebc..ea44356  main -> main
