[NbConvertApp] Converting notebook notebooks/17_neuralhydrology.ipynb to notebook
Traceback (most recent call last):
  File "/software.9/software/Anaconda3/2024.02-1/bin/jupyter-nbconvert", line 11, in <module>
    sys.exit(main())
             ^^^^^^
  File "/software.9/software/Anaconda3/2024.02-1/lib/python3.11/site-packages/jupyter_core/application.py", line 280, in launch_instance
    super().launch_instance(argv=argv, **kwargs)
  File "/software.9/software/Anaconda3/2024.02-1/lib/python3.11/site-packages/traitlets/config/application.py", line 992, in launch_instance
    app.start()
  File "/software.9/software/Anaconda3/2024.02-1/lib/python3.11/site-packages/nbconvert/nbconvertapp.py", line 412, in start
    self.convert_notebooks()
  File "/software.9/software/Anaconda3/2024.02-1/lib/python3.11/site-packages/nbconvert/nbconvertapp.py", line 590, in convert_notebooks
    self.convert_single_notebook(notebook_filename)
  File "/software.9/software/Anaconda3/2024.02-1/lib/python3.11/site-packages/nbconvert/nbconvertapp.py", line 556, in convert_single_notebook
    output, resources = self.export_single_notebook(
                        ^^^^^^^^^^^^^^^^^^^^^^^^^^^^
  File "/software.9/software/Anaconda3/2024.02-1/lib/python3.11/site-packages/nbconvert/nbconvertapp.py", line 479, in export_single_notebook
    output, resources = self.exporter.from_filename(
                        ^^^^^^^^^^^^^^^^^^^^^^^^^^^^
  File "/software.9/software/Anaconda3/2024.02-1/lib/python3.11/site-packages/nbconvert/exporters/exporter.py", line 203, in from_filename
    return self.from_file(f, resources=resources, **kw)
           ^^^^^^^^^^^^^^^^^^^^^^^^^^^^^^^^^^^^^^^^^^^^
  File "/software.9/software/Anaconda3/2024.02-1/lib/python3.11/site-packages/nbconvert/exporters/exporter.py", line 222, in from_file
    return self.from_notebook_node(
           ^^^^^^^^^^^^^^^^^^^^^^^^
  File "/software.9/software/Anaconda3/2024.02-1/lib/python3.11/site-packages/nbconvert/exporters/notebook.py", line 36, in from_notebook_node
    nb_copy, resources = super().from_notebook_node(nb, resources, **kw)
                         ^^^^^^^^^^^^^^^^^^^^^^^^^^^^^^^^^^^^^^^^^^^^^^^
  File "/software.9/software/Anaconda3/2024.02-1/lib/python3.11/site-packages/nbconvert/exporters/exporter.py", line 156, in from_notebook_node
    nb_copy, resources = self._preprocess(nb_copy, resources)
                         ^^^^^^^^^^^^^^^^^^^^^^^^^^^^^^^^^^^^
  File "/software.9/software/Anaconda3/2024.02-1/lib/python3.11/site-packages/nbconvert/exporters/exporter.py", line 354, in _preprocess
    nbc, resc = preprocessor(nbc, resc)  # type:ignore[operator]
                ^^^^^^^^^^^^^^^^^^^^^^^
  File "/software.9/software/Anaconda3/2024.02-1/lib/python3.11/site-packages/nbconvert/preprocessors/base.py", line 48, in __call__
    return self.preprocess(nb, resources)
           ^^^^^^^^^^^^^^^^^^^^^^^^^^^^^^
  File "/software.9/software/Anaconda3/2024.02-1/lib/python3.11/site-packages/nbconvert/preprocessors/execute.py", line 102, in preprocess
    self.preprocess_cell(cell, resources, index)
  File "/software.9/software/Anaconda3/2024.02-1/lib/python3.11/site-packages/nbconvert/preprocessors/execute.py", line 123, in preprocess_cell
    cell = self.execute_cell(cell, index, store_history=True)
           ^^^^^^^^^^^^^^^^^^^^^^^^^^^^^^^^^^^^^^^^^^^^^^^^^^
  File "/software.9/software/Anaconda3/2024.02-1/lib/python3.11/site-packages/jupyter_core/utils/__init__.py", line 173, in wrapped
    return loop.run_until_complete(inner)
           ^^^^^^^^^^^^^^^^^^^^^^^^^^^^^^
  File "/software.9/software/Anaconda3/2024.02-1/lib/python3.11/asyncio/base_events.py", line 653, in run_until_complete
    return future.result()
           ^^^^^^^^^^^^^^^
  File "/software.9/software/Anaconda3/2024.02-1/lib/python3.11/site-packages/nbclient/client.py", line 1058, in async_execute_cell
    await self._check_raise_for_error(cell, cell_index, exec_reply)
  File "/software.9/software/Anaconda3/2024.02-1/lib/python3.11/site-packages/nbclient/client.py", line 914, in _check_raise_for_error
    raise CellExecutionError.from_cell_and_msg(cell, exec_reply_content)
nbclient.exceptions.CellExecutionError: An error occurred while executing the following cell:
------------------
from neuralhydrology.nh_run import start_run
from neuralhydrology.utils.config import Config

NH_RUN_DIR.mkdir(parents=True, exist_ok=True)
cfg = Config(NH_CONFIG)

print("Starting NeuralHydrology EA-LSTM training...")
print(f"  Gauges: {len(do_gauge_strs)}")
print(f"  Target: dissolved_oxygen")
print(f"  Static attributes: {len(attrs_df.columns)}")
print(f"  Hidden size: 128, Epochs: 30")

start_run(config_file=NH_CONFIG, gpu=0 if DEVICE=='cuda' else -1)
print("Training complete.")
------------------

----- stdout -----
Starting NeuralHydrology EA-LSTM training...
  Gauges: 16
  Target: dissolved_oxygen
  Static attributes: 10
  Hidden size: 128, Epochs: 30
2026-06-05 23:51:58,150: Logging to /storage/homefs/tn20y076/AareML/results/nh_run/aareml_ealstm_0506_235158/output.log initialized.
----- stdout -----
2026-06-05 23:51:58,151: ### Folder structure created at /storage/homefs/tn20y076/AareML/results/nh_run/aareml_ealstm_0506_235158
----- stdout -----
2026-06-05 23:51:58,151: ### Run configurations for aareml_ealstm
----- stdout -----
2026-06-05 23:51:58,151: experiment_name: aareml_ealstm
----- stdout -----
2026-06-05 23:51:58,152: run_dir: /storage/homefs/tn20y076/AareML/results/nh_run/aareml_ealstm_0506_235158
----- stdout -----
2026-06-05 23:51:58,152: train_basin_file: /storage/homefs/tn20y076/AareML/data/nh_dataset/basins_train.txt
----- stdout -----
2026-06-05 23:51:58,152: validation_basin_file: /storage/homefs/tn20y076/AareML/data/nh_dataset/basins_val.txt
----- stdout -----
2026-06-05 23:51:58,152: test_basin_file: /storage/homefs/tn20y076/AareML/data/nh_dataset/basins_test.txt
----- stdout -----
2026-06-05 23:51:58,152: dataset: generic
----- stdout -----
2026-06-05 23:51:58,153: data_dir: /storage/homefs/tn20y076/AareML/data/nh_dataset
----- stdout -----
2026-06-05 23:51:58,153: dynamic_inputs: ['water_temperature', 'pH', 'EC', 'dissolved_oxygen']
----- stdout -----
2026-06-05 23:51:58,153: target_variables: ['dissolved_oxygen']
----- stdout -----
2026-06-05 23:51:58,153: static_attributes: ['log_area', 'elev_mean', 'aridity', 'p_mean', 'frac_snow', 'runoff_ratio', 'pet_mean', 'forest_frac', 'crop_frac', 'urban_frac']
----- stdout -----
2026-06-05 23:51:58,153: train_start_date: 1981-01-01 00:00:00
----- stdout -----
2026-06-05 23:51:58,154: train_end_date: 2014-12-31 00:00:00
----- stdout -----
2026-06-05 23:51:58,154: validation_start_date: 2015-01-01 00:00:00
----- stdout -----
2026-06-05 23:51:58,154: validation_end_date: 2016-12-31 00:00:00
----- stdout -----
2026-06-05 23:51:58,154: test_start_date: 2017-01-01 00:00:00
----- stdout -----
2026-06-05 23:51:58,154: test_end_date: 2020-12-31 00:00:00
----- stdout -----
2026-06-05 23:51:58,155: seq_length: 21
----- stdout -----
2026-06-05 23:51:58,155: predict_last_n: 14
----- stdout -----
2026-06-05 23:51:58,155: model: ealstm
----- stdout -----
2026-06-05 23:51:58,155: head: regression
----- stdout -----
2026-06-05 23:51:58,156: hidden_size: 128
----- stdout -----
2026-06-05 23:51:58,156: initial_forget_bias: 3
----- stdout -----
2026-06-05 23:51:58,156: output_dropout: 0.4
----- stdout -----
2026-06-05 23:51:58,156: batch_size: 256
----- stdout -----
2026-06-05 23:51:58,156: epochs: 30
----- stdout -----
2026-06-05 23:51:58,156: learning_rate: {0: 0.001, 10: 0.0005}
----- stdout -----
2026-06-05 23:51:58,156: loss: NSE
----- stdout -----
2026-06-05 23:51:58,157: metrics: ['NSE', 'RMSE', 'KGE']
----- stdout -----
2026-06-05 23:51:58,157: seed: 42
----- stdout -----
2026-06-05 23:51:58,157: device: cuda:0
----- stdout -----
2026-06-05 23:51:58,157: num_workers: 4
----- stdout -----
2026-06-05 23:51:58,158: number_of_basins: 16
----- stdout -----
2026-06-05 23:51:58,158: train_dir: /storage/homefs/tn20y076/AareML/results/nh_run/aareml_ealstm_0506_235158/train_data
----- stdout -----
2026-06-05 23:51:58,158: img_log_dir: /storage/homefs/tn20y076/AareML/results/nh_run/aareml_ealstm_0506_235158/img_log
----- stdout -----
2026-06-05 23:51:58,282: ### Device cuda:0 will be used for training
----- stdout -----
2026-06-05 23:51:58,628: Loading basin data into xarray data set.
----- stdout -----
  0%|          | 0/16 [00:00<?, ?it/s]
----- stdout -----
 19%|█▉        | 3/16 [00:00<00:00, 29.63it/s]
----- stdout -----
100%|██████████| 16/16 [00:00<00:00, 87.97it/s]
----- stdout -----
100%|██████████| 16/16 [00:00<00:00, 79.02it/s]
----- stdout -----

2026-06-05 23:51:58,881: Calculating target variable stds per basin
----- stdout -----
  0%|          | 0/16 [00:00<?, ?it/s]
----- stdout -----
  6%|▋         | 1/16 [00:00<00:04,  3.05it/s]
----- stdout -----
100%|██████████| 16/16 [00:00<00:00, 47.91it/s]
----- stdout -----

2026-06-05 23:51:59,253: Create lookup table and convert to pytorch tensor
----- stdout -----
  0%|          | 0/16 [00:00<?, ?it/s]
----- stdout -----
  6%|▋         | 1/16 [00:05<01:18,  5.23s/it]
----- stdout -----
 12%|█▎        | 2/16 [00:05<00:31,  2.24s/it]
----- stdout -----
 81%|████████▏ | 13/16 [00:05<00:00,  4.24it/s]
----- stdout -----
100%|██████████| 16/16 [00:05<00:00,  2.85it/s]
----- stdout -----

------------------

[31m---------------------------------------------------------------------------[39m
[31mValueError[39m                                Traceback (most recent call last)
[36mCell[39m[36m [39m[32mIn[4][39m[32m, line 13[39m
[32m     10[39m [38;5;28mprint[39m([33mf[39m[33m"[39m[33m  Static attributes: [39m[38;5;132;01m{[39;00m[38;5;28mlen[39m(attrs_df.columns)[38;5;132;01m}[39;00m[33m"[39m)
[32m     11[39m [38;5;28mprint[39m([33mf[39m[33m"[39m[33m  Hidden size: 128, Epochs: 30[39m[33m"[39m)
[32m---> [39m[32m13[39m [43mstart_run[49m[43m([49m[43mconfig_file[49m[43m=[49m[43mNH_CONFIG[49m[43m,[49m[43m [49m[43mgpu[49m[43m=[49m[32;43m0[39;49m[43m [49m[38;5;28;43;01mif[39;49;00m[43m [49m[43mDEVICE[49m[43m==[49m[33;43m'[39;49m[33;43mcuda[39;49m[33;43m'[39;49m[43m [49m[38;5;28;43;01melse[39;49;00m[43m [49m[43m-[49m[32;43m1[39;49m[43m)[49m
[32m     14[39m [38;5;28mprint[39m([33m"[39m[33mTraining complete.[39m[33m"[39m)

[36mFile [39m[32m~/.local/lib/python3.11/site-packages/neuralhydrology/nh_run.py:77[39m, in [36mstart_run[39m[34m(config_file, gpu)[39m
[32m     74[39m [38;5;28;01mif[39;00m gpu [38;5;129;01mis[39;00m [38;5;129;01mnot[39;00m [38;5;28;01mNone[39;00m [38;5;129;01mand[39;00m gpu < [32m0[39m:
[32m     75[39m     config.device = [33m"[39m[33mcpu[39m[33m"[39m
[32m---> [39m[32m77[39m [43mstart_training[49m[43m([49m[43mconfig[49m[43m)[49m

[36mFile [39m[32m~/.local/lib/python3.11/site-packages/neuralhydrology/training/train.py:19[39m, in [36mstart_training[39m[34m(cfg)[39m
[32m     17[39m [38;5;28;01melse[39;00m:
[32m     18[39m     [38;5;28;01mraise[39;00m [38;5;167;01mValueError[39;00m([33mf[39m[33m"[39m[33mUnknown head [39m[38;5;132;01m{[39;00mcfg.head[38;5;132;01m}[39;00m[33m.[39m[33m"[39m)
[32m---> [39m[32m19[39m [43mtrainer[49m[43m.[49m[43minitialize_training[49m[43m([49m[43m)[49m
[32m     20[39m trainer.train_and_validate()

[36mFile [39m[32m~/.local/lib/python3.11/site-packages/neuralhydrology/training/basetrainer.py:173[39m, in [36mBaseTrainer.initialize_training[39m[34m(self)[39m
[32m    170[39m [38;5;28;01mif[39;00m [38;5;28mself[39m.cfg.is_finetuning:
[32m    171[39m     [38;5;28mself[39m._freeze_model_parts()
[32m--> [39m[32m173[39m [38;5;28mself[39m.optimizer = [38;5;28;43mself[39;49m[43m.[49m[43m_get_optimizer[49m[43m([49m[43m)[49m
[32m    174[39m [38;5;28mself[39m.loss_obj = [38;5;28mself[39m._get_loss_obj().to([38;5;28mself[39m.device)
[32m    176[39m [38;5;66;03m# Add possible regularization terms to the loss function.[39;00m

[36mFile [39m[32m~/.local/lib/python3.11/site-packages/neuralhydrology/training/basetrainer.py:93[39m, in [36mBaseTrainer._get_optimizer[39m[34m(self)[39m
[32m     92[39m [38;5;28;01mdef[39;00m[38;5;250m [39m[34m_get_optimizer[39m([38;5;28mself[39m) -> torch.optim.Optimizer:
[32m---> [39m[32m93[39m     [38;5;28;01mreturn[39;00m [43mget_optimizer[49m[43m([49m[43mmodel[49m[43m=[49m[38;5;28;43mself[39;49m[43m.[49m[43mmodel[49m[43m,[49m[43m [49m[43mcfg[49m[43m=[49m[38;5;28;43mself[39;49m[43m.[49m[43mcfg[49m[43m)[49m

[36mFile [39m[32m~/.local/lib/python3.11/site-packages/neuralhydrology/training/__init__.py:31[39m, in [36mget_optimizer[39m[34m(model, cfg)[39m
[32m     14[39m [38;5;28;01mdef[39;00m[38;5;250m [39m[34mget_optimizer[39m(model: torch.nn.Module, cfg: Config) -> torch.optim.Optimizer:
[32m     15[39m [38;5;250m    [39m[33;03m"""Get specific optimizer object, depending on the run configuration.[39;00m
[32m     16[39m [33;03m    [39;00m
[32m     17[39m [33;03m    Currently only 'Adam' and 'AdamW' are supported.[39;00m
[32m   (...)[39m[32m     29[39m [33;03m        Optimizer object that can be used for model training.[39;00m
[32m     30[39m [33;03m    """[39;00m
[32m---> [39m[32m31[39m     [38;5;28;01mif[39;00m [43mcfg[49m[43m.[49m[43moptimizer[49m.lower() == [33m"[39m[33madam[39m[33m"[39m:
[32m     32[39m         optimizer = torch.optim.Adam(model.parameters(), lr=cfg.learning_rate[[32m0[39m])
[32m     33[39m     [38;5;28;01melif[39;00m cfg.optimizer.lower() == [33m"[39m[33madamw[39m[33m"[39m:

[36mFile [39m[32m~/.local/lib/python3.11/site-packages/neuralhydrology/utils/config.py:666[39m, in [36mConfig.optimizer[39m[34m(self)[39m
[32m    664[39m [38;5;129m@property[39m
[32m    665[39m [38;5;28;01mdef[39;00m[38;5;250m [39m[34moptimizer[39m([38;5;28mself[39m) -> [38;5;28mstr[39m:
[32m--> [39m[32m666[39m     [38;5;28;01mreturn[39;00m [38;5;28;43mself[39;49m[43m.[49m[43m_get_value_verbose[49m[43m([49m[33;43m"[39;49m[33;43moptimizer[39;49m[33;43m"[39;49m[43m)[49m

[36mFile [39m[32m~/.local/lib/python3.11/site-packages/neuralhydrology/utils/config.py:166[39m, in [36mConfig._get_value_verbose[39m[34m(self, key)[39m
[32m    164[39m [38;5;250m[39m[33;03m"""Use this function internally to return attributes of the config that are mandatory"""[39;00m
[32m    165[39m [38;5;28;01mif[39;00m key [38;5;129;01mnot[39;00m [38;5;129;01min[39;00m [38;5;28mself[39m._cfg.keys():
[32m--> [39m[32m166[39m     [38;5;28;01mraise[39;00m [38;5;167;01mValueError[39;00m([33mf[39m[33m"[39m[38;5;132;01m{[39;00mkey[38;5;132;01m}[39;00m[33m is not specified in the config (.yml).[39m[33m"[39m)
[32m    167[39m [38;5;28;01melif[39;00m [38;5;28mself[39m._cfg[key] [38;5;129;01mis[39;00m [38;5;28;01mNone[39;00m:
[32m    168[39m     [38;5;28;01mraise[39;00m [38;5;167;01mValueError[39;00m([33mf[39m[33m"[39m[38;5;132;01m{[39;00mkey[38;5;132;01m}[39;00m[33m is mandatory but [39m[33m'[39m[33mNone[39m[33m'[39m[33m in the config.[39m[33m"[39m)

[31mValueError[39m: optimizer is not specified in the config (.yml).

