[NbConvertApp] Converting notebook notebooks/17_neuralhydrology.ipynb to notebook
Traceback (most recent call last):
  File "/software.9/software/Anaconda3/2024.02-1/bin/jupyter-nbconvert", line 11, in <module>
    sys.exit(main())
             ^^^^^^
  File "/software.9/software/Anaconda3/2024.02-1/lib/python3.11/site-packages/jupyter_core/application.py", line 280, in launch_instance
    super().launch_instance(argv=argv, **kwargs)
  File "/software.9/software/Anaconda3/2024.02-1/lib/python3.11/site-packages/traitlets/config/application.py", line 992, in launch_instance
    app.start()
  File "/software.9/software/Anaconda3/2024.02-1/lib/python3.11/site-packages/nbconvert/nbconvertapp.py", line 412, in start
    self.convert_notebooks()
  File "/software.9/software/Anaconda3/2024.02-1/lib/python3.11/site-packages/nbconvert/nbconvertapp.py", line 590, in convert_notebooks
    self.convert_single_notebook(notebook_filename)
  File "/software.9/software/Anaconda3/2024.02-1/lib/python3.11/site-packages/nbconvert/nbconvertapp.py", line 556, in convert_single_notebook
    output, resources = self.export_single_notebook(
                        ^^^^^^^^^^^^^^^^^^^^^^^^^^^^
  File "/software.9/software/Anaconda3/2024.02-1/lib/python3.11/site-packages/nbconvert/nbconvertapp.py", line 479, in export_single_notebook
    output, resources = self.exporter.from_filename(
                        ^^^^^^^^^^^^^^^^^^^^^^^^^^^^
  File "/software.9/software/Anaconda3/2024.02-1/lib/python3.11/site-packages/nbconvert/exporters/exporter.py", line 203, in from_filename
    return self.from_file(f, resources=resources, **kw)
           ^^^^^^^^^^^^^^^^^^^^^^^^^^^^^^^^^^^^^^^^^^^^
  File "/software.9/software/Anaconda3/2024.02-1/lib/python3.11/site-packages/nbconvert/exporters/exporter.py", line 222, in from_file
    return self.from_notebook_node(
           ^^^^^^^^^^^^^^^^^^^^^^^^
  File "/software.9/software/Anaconda3/2024.02-1/lib/python3.11/site-packages/nbconvert/exporters/notebook.py", line 36, in from_notebook_node
    nb_copy, resources = super().from_notebook_node(nb, resources, **kw)
                         ^^^^^^^^^^^^^^^^^^^^^^^^^^^^^^^^^^^^^^^^^^^^^^^
  File "/software.9/software/Anaconda3/2024.02-1/lib/python3.11/site-packages/nbconvert/exporters/exporter.py", line 156, in from_notebook_node
    nb_copy, resources = self._preprocess(nb_copy, resources)
                         ^^^^^^^^^^^^^^^^^^^^^^^^^^^^^^^^^^^^
  File "/software.9/software/Anaconda3/2024.02-1/lib/python3.11/site-packages/nbconvert/exporters/exporter.py", line 354, in _preprocess
    nbc, resc = preprocessor(nbc, resc)  # type:ignore[operator]
                ^^^^^^^^^^^^^^^^^^^^^^^
  File "/software.9/software/Anaconda3/2024.02-1/lib/python3.11/site-packages/nbconvert/preprocessors/base.py", line 48, in __call__
    return self.preprocess(nb, resources)
           ^^^^^^^^^^^^^^^^^^^^^^^^^^^^^^
  File "/software.9/software/Anaconda3/2024.02-1/lib/python3.11/site-packages/nbconvert/preprocessors/execute.py", line 102, in preprocess
    self.preprocess_cell(cell, resources, index)
  File "/software.9/software/Anaconda3/2024.02-1/lib/python3.11/site-packages/nbconvert/preprocessors/execute.py", line 123, in preprocess_cell
    cell = self.execute_cell(cell, index, store_history=True)
           ^^^^^^^^^^^^^^^^^^^^^^^^^^^^^^^^^^^^^^^^^^^^^^^^^^
  File "/software.9/software/Anaconda3/2024.02-1/lib/python3.11/site-packages/jupyter_core/utils/__init__.py", line 173, in wrapped
    return loop.run_until_complete(inner)
           ^^^^^^^^^^^^^^^^^^^^^^^^^^^^^^
  File "/software.9/software/Anaconda3/2024.02-1/lib/python3.11/asyncio/base_events.py", line 653, in run_until_complete
    return future.result()
           ^^^^^^^^^^^^^^^
  File "/software.9/software/Anaconda3/2024.02-1/lib/python3.11/site-packages/nbclient/client.py", line 1058, in async_execute_cell
    await self._check_raise_for_error(cell, cell_index, exec_reply)
  File "/software.9/software/Anaconda3/2024.02-1/lib/python3.11/site-packages/nbclient/client.py", line 914, in _check_raise_for_error
    raise CellExecutionError.from_cell_and_msg(cell, exec_reply_content)
nbclient.exceptions.CellExecutionError: An error occurred while executing the following cell:
------------------
# NeuralHydrology GenericDataset requires:
# data/
#   time_series/
#     <gauge_id>.nc   — one NetCDF per gauge with all time series
#   attributes/
#     attributes.csv  — static attributes indexed by gauge_id

NH_DATA_DIR.mkdir(parents=True, exist_ok=True)
ts_dir   = NH_DATA_DIR / 'time_series'
attr_dir = NH_DATA_DIR / 'attributes'
ts_dir.mkdir(exist_ok=True)
attr_dir.mkdir(exist_ok=True)

# Load base attributes
base_df = pd.read_csv(BASE_ATTRS, comment='#')
base_df['gauge_id'] = base_df['gauge_id'].astype(str)

# Load landcover (most recent year per gauge)
def load_landcover(gid):
    lc_file = LANDCOVER_DIR / f'camels_ch_chem_landcover_{gid}.csv'
    if not lc_file.exists():
        return {}
    df = pd.read_csv(lc_file)
    df['date'] = pd.to_datetime(df['date'])
    latest = df.sort_values('date').iloc[-1]
    return {
        'forest_frac': (latest.get('dwood_perc', 0) + latest.get('ewood_perc', 0) + latest.get('mixed_wood_perc', 0)) / 100,
        'crop_frac':   latest.get('crop_perc', 0) / 100,
        'urban_frac':  latest.get('urban_perc', 0) / 100,
        'ice_frac':    latest.get('ice_perc', 0) / 100,
    }

print("Converting time series to NetCDF...")
converted = []
for f in sorted(CHEM_DAILY.glob('camels_ch_chem_daily_*.csv')):
    gid = f.stem.split('_')[-1]
    try:
        df = pd.read_csv(f, parse_dates=['date'], index_col='date')
        # Rename columns to standard names
        df = df.rename(columns={
            'temp_sensor':  'water_temperature',
            'pH_sensor':    'pH',
            'ec_sensor':    'EC',
            'O2C_sensor':   'dissolved_oxygen',
        })
        # Create xarray dataset
        ds = xr.Dataset.from_dataframe(df)
        ds.to_netcdf(ts_dir / f'{gid}.nc')
        converted.append(gid)
    except Exception as e:
        print(f"  {gid}: {e}")

print(f"Converted {len(converted)} gauge time series to NetCDF")

# Build attributes CSV
print("Building static attributes...")
attr_rows = []
for gid in converted:
    base_row = base_df[base_df['gauge_id'].astype(str) == str(gid)]
    if base_row.empty:
        continue
    b = base_row.iloc[0]
    lc = load_landcover(gid)
    attr_rows.append({
        'gauge_id':    gid,
        'log_area':    np.log1p(float(b.get('area', 1))),
        'elev_mean':   float(b.get('elev_mean', 0)),
        'aridity':     float(b.get('aridity', 0)),
        'p_mean':      float(b.get('p_mean', 0)),
        'frac_snow':   float(b.get('frac_snow', 0)),
        'runoff_ratio':float(b.get('runoff_ratio', 0)),
        'pet_mean':    float(b.get('pet_mean', 0)),
        'forest_frac': lc.get('forest_frac', 0),
        'crop_frac':   lc.get('crop_frac', 0),
        'urban_frac':  lc.get('urban_frac', 0),
    })

attrs_df = pd.DataFrame(attr_rows).set_index('gauge_id')
attrs_df.to_csv(attr_dir / 'attributes.csv')
print(f"Attributes saved: {len(attrs_df)} gauges × {len(attrs_df.columns)} features")
print(attrs_df.head(3))
------------------


[31m---------------------------------------------------------------------------[39m
[31mFileNotFoundError[39m                         Traceback (most recent call last)
[36mCell[39m[36m [39m[32mIn[2][39m[32m, line 15[39m
[32m     12[39m attr_dir.mkdir(exist_ok=[38;5;28;01mTrue[39;00m)
[32m     14[39m [38;5;66;03m# Load base attributes[39;00m
[32m---> [39m[32m15[39m base_df = [43mpd[49m[43m.[49m[43mread_csv[49m[43m([49m[43mBASE_ATTRS[49m[43m,[49m[43m [49m[43mcomment[49m[43m=[49m[33;43m'[39;49m[33;43m#[39;49m[33;43m'[39;49m[43m)[49m
[32m     16[39m base_df[[33m'[39m[33mgauge_id[39m[33m'[39m] = base_df[[33m'[39m[33mgauge_id[39m[33m'[39m].astype([38;5;28mstr[39m)
[32m     18[39m [38;5;66;03m# Load landcover (most recent year per gauge)[39;00m

[36mFile [39m[32m~/.conda/envs/aareml/lib/python3.11/site-packages/pandas/io/parsers/readers.py:1026[39m, in [36mread_csv[39m[34m(filepath_or_buffer, sep, delimiter, header, names, index_col, usecols, dtype, engine, converters, true_values, false_values, skipinitialspace, skiprows, skipfooter, nrows, na_values, keep_default_na, na_filter, verbose, skip_blank_lines, parse_dates, infer_datetime_format, keep_date_col, date_parser, date_format, dayfirst, cache_dates, iterator, chunksize, compression, thousands, decimal, lineterminator, quotechar, quoting, doublequote, escapechar, comment, encoding, encoding_errors, dialect, on_bad_lines, delim_whitespace, low_memory, memory_map, float_precision, storage_options, dtype_backend)[39m
[32m   1013[39m kwds_defaults = _refine_defaults_read(
[32m   1014[39m     dialect,
[32m   1015[39m     delimiter,
[32m   (...)[39m[32m   1022[39m     dtype_backend=dtype_backend,
[32m   1023[39m )
[32m   1024[39m kwds.update(kwds_defaults)
[32m-> [39m[32m1026[39m [38;5;28;01mreturn[39;00m [43m_read[49m[43m([49m[43mfilepath_or_buffer[49m[43m,[49m[43m [49m[43mkwds[49m[43m)[49m

[36mFile [39m[32m~/.conda/envs/aareml/lib/python3.11/site-packages/pandas/io/parsers/readers.py:620[39m, in [36m_read[39m[34m(filepath_or_buffer, kwds)[39m
[32m    617[39m _validate_names(kwds.get([33m"[39m[33mnames[39m[33m"[39m, [38;5;28;01mNone[39;00m))
[32m    619[39m [38;5;66;03m# Create the parser.[39;00m
[32m--> [39m[32m620[39m parser = [43mTextFileReader[49m[43m([49m[43mfilepath_or_buffer[49m[43m,[49m[43m [49m[43m*[49m[43m*[49m[43mkwds[49m[43m)[49m
[32m    622[39m [38;5;28;01mif[39;00m chunksize [38;5;129;01mor[39;00m iterator:
[32m    623[39m     [38;5;28;01mreturn[39;00m parser

[36mFile [39m[32m~/.conda/envs/aareml/lib/python3.11/site-packages/pandas/io/parsers/readers.py:1620[39m, in [36mTextFileReader.__init__[39m[34m(self, f, engine, **kwds)[39m
[32m   1617[39m     [38;5;28mself[39m.options[[33m"[39m[33mhas_index_names[39m[33m"[39m] = kwds[[33m"[39m[33mhas_index_names[39m[33m"[39m]
[32m   1619[39m [38;5;28mself[39m.handles: IOHandles | [38;5;28;01mNone[39;00m = [38;5;28;01mNone[39;00m
[32m-> [39m[32m1620[39m [38;5;28mself[39m._engine = [38;5;28;43mself[39;49m[43m.[49m[43m_make_engine[49m[43m([49m[43mf[49m[43m,[49m[43m [49m[38;5;28;43mself[39;49m[43m.[49m[43mengine[49m[43m)[49m

[36mFile [39m[32m~/.conda/envs/aareml/lib/python3.11/site-packages/pandas/io/parsers/readers.py:1880[39m, in [36mTextFileReader._make_engine[39m[34m(self, f, engine)[39m
[32m   1878[39m     [38;5;28;01mif[39;00m [33m"[39m[33mb[39m[33m"[39m [38;5;129;01mnot[39;00m [38;5;129;01min[39;00m mode:
[32m   1879[39m         mode += [33m"[39m[33mb[39m[33m"[39m
[32m-> [39m[32m1880[39m [38;5;28mself[39m.handles = [43mget_handle[49m[43m([49m
[32m   1881[39m [43m    [49m[43mf[49m[43m,[49m
[32m   1882[39m [43m    [49m[43mmode[49m[43m,[49m
[32m   1883[39m [43m    [49m[43mencoding[49m[43m=[49m[38;5;28;43mself[39;49m[43m.[49m[43moptions[49m[43m.[49m[43mget[49m[43m([49m[33;43m"[39;49m[33;43mencoding[39;49m[33;43m"[39;49m[43m,[49m[43m [49m[38;5;28;43;01mNone[39;49;00m[43m)[49m[43m,[49m
[32m   1884[39m [43m    [49m[43mcompression[49m[43m=[49m[38;5;28;43mself[39;49m[43m.[49m[43moptions[49m[43m.[49m[43mget[49m[43m([49m[33;43m"[39;49m[33;43mcompression[39;49m[33;43m"[39;49m[43m,[49m[43m [49m[38;5;28;43;01mNone[39;49;00m[43m)[49m[43m,[49m
[32m   1885[39m [43m    [49m[43mmemory_map[49m[43m=[49m[38;5;28;43mself[39;49m[43m.[49m[43moptions[49m[43m.[49m[43mget[49m[43m([49m[33;43m"[39;49m[33;43mmemory_map[39;49m[33;43m"[39;49m[43m,[49m[43m [49m[38;5;28;43;01mFalse[39;49;00m[43m)[49m[43m,[49m
[32m   1886[39m [43m    [49m[43mis_text[49m[43m=[49m[43mis_text[49m[43m,[49m
[32m   1887[39m [43m    [49m[43merrors[49m[43m=[49m[38;5;28;43mself[39;49m[43m.[49m[43moptions[49m[43m.[49m[43mget[49m[43m([49m[33;43m"[39;49m[33;43mencoding_errors[39;49m[33;43m"[39;49m[43m,[49m[43m [49m[33;43m"[39;49m[33;43mstrict[39;49m[33;43m"[39;49m[43m)[49m[43m,[49m
[32m   1888[39m [43m    [49m[43mstorage_options[49m[43m=[49m[38;5;28;43mself[39;49m[43m.[49m[43moptions[49m[43m.[49m[43mget[49m[43m([49m[33;43m"[39;49m[33;43mstorage_options[39;49m[33;43m"[39;49m[43m,[49m[43m [49m[38;5;28;43;01mNone[39;49;00m[43m)[49m[43m,[49m
[32m   1889[39m [43m[49m[43m)[49m
[32m   1890[39m [38;5;28;01massert[39;00m [38;5;28mself[39m.handles [38;5;129;01mis[39;00m [38;5;129;01mnot[39;00m [38;5;28;01mNone[39;00m
[32m   1891[39m f = [38;5;28mself[39m.handles.handle

[36mFile [39m[32m~/.conda/envs/aareml/lib/python3.11/site-packages/pandas/io/common.py:873[39m, in [36mget_handle[39m[34m(path_or_buf, mode, encoding, compression, memory_map, is_text, errors, storage_options)[39m
[32m    868[39m [38;5;28;01melif[39;00m [38;5;28misinstance[39m(handle, [38;5;28mstr[39m):
[32m    869[39m     [38;5;66;03m# Check whether the filename is to be opened in binary mode.[39;00m
[32m    870[39m     [38;5;66;03m# Binary mode does not support 'encoding' and 'newline'.[39;00m
[32m    871[39m     [38;5;28;01mif[39;00m ioargs.encoding [38;5;129;01mand[39;00m [33m"[39m[33mb[39m[33m"[39m [38;5;129;01mnot[39;00m [38;5;129;01min[39;00m ioargs.mode:
[32m    872[39m         [38;5;66;03m# Encoding[39;00m
[32m--> [39m[32m873[39m         handle = [38;5;28;43mopen[39;49m[43m([49m
[32m    874[39m [43m            [49m[43mhandle[49m[43m,[49m
[32m    875[39m [43m            [49m[43mioargs[49m[43m.[49m[43mmode[49m[43m,[49m
[32m    876[39m [43m            [49m[43mencoding[49m[43m=[49m[43mioargs[49m[43m.[49m[43mencoding[49m[43m,[49m
[32m    877[39m [43m            [49m[43merrors[49m[43m=[49m[43merrors[49m[43m,[49m
[32m    878[39m [43m            [49m[43mnewline[49m[43m=[49m[33;43m"[39;49m[33;43m"[39;49m[43m,[49m
[32m    879[39m [43m        [49m[43m)[49m
[32m    880[39m     [38;5;28;01melse[39;00m:
[32m    881[39m         [38;5;66;03m# Binary mode[39;00m
[32m    882[39m         handle = [38;5;28mopen[39m(handle, ioargs.mode)

[31mFileNotFoundError[39m: [Errno 2] No such file or directory: '/storage/homefs/tn20y076/AareML/data/camels-ch-base/camels_ch_attributes.csv'

