Job started: Mon Jun  8 09:33:59 PM CEST 2026
Node: gnode39
GPU: NVIDIA GeForce RTX 4090

Running notebook 03: LSTM Single-Site + Optuna...

Notebook 03 complete.
Results saved to: results/
Figures saved to: figures/
Job finished: Mon Jun  8 10:29:36 PM CEST 2026
[main 82053ba] ubelix run slurm_script 2026-06-08 22:29
 12 files changed, 332 insertions(+), 336 deletions(-)
 create mode 100644 logs/job_03_lstm_5617217.err
 create mode 100644 logs/job_03_lstm_5617217.out
[main b19501f] ubelix run slurm_script 2026-06-08 22:29 NB_EXIT=
 1 file changed, 4 insertions(+)
Push attempt 1 failed, retrying in 15s...
[main 0603be8] ubelix run slurm_script 2026-06-08 22:29 NB_EXIT=
 2 files changed, 8 insertions(+)
Push attempt 2 failed, retrying in 15s...
[main 349e282] ubelix run slurm_script 2026-06-08 22:30 NB_EXIT=
 2 files changed, 7 insertions(+)
Push attempt 3 failed, retrying in 15s...
[main 1ff598d] ubelix run slurm_script 2026-06-08 22:30 NB_EXIT=
 2 files changed, 7 insertions(+)
Push attempt 4 failed, retrying in 15s...
[main 2f17bf6] ubelix run slurm_script 2026-06-08 22:30 NB_EXIT=
 2 files changed, 7 insertions(+)
Push attempt 5 failed, retrying in 15s...
