Job started: Mon Jun  8 11:25:15 PM CEST 2026
Node: gnode24

Running notebook 06: Cross-Ecosystem Lake Mendota...

# Download LakeBeD-US data if not already present
# Ensure ME_daily_surface.csv exists (generated from 194 MB parquet)
if [ ! -f data/lakebed-us/ME_daily_surface.csv ]; then
    echo ME_daily_surface.csv not found — running download/processing...
    python3 download_data.py --lake-mendota
    echo LakeBeD step exit: 0
else
    echo LakeBeD data already exists: 
fi
# Verify the CSV is valid (not empty/corrupt)
if [ ! -s data/lakebed-us/ME_daily_surface.csv ]; then
    echo WARNING: ME_daily_surface.csv is empty — re-running download...
    rm -f data/lakebed-us/ME_daily_surface.csv
    python3 download_data.py --lake-mendota
fi

Notebook 06 complete.
Job finished: Mon Jun  8 11:25:38 PM CEST 2026
[main 805483c] ubelix run slurm_script 2026-06-08 23:25
 4 files changed, 170 insertions(+)
 create mode 100644 logs/job_06_lake_mendota_5617222.err
 create mode 100644 logs/job_06_lake_mendota_5617222.out
[main 5f3074a] ubelix run slurm_script 2026-06-08 23:25 NB_EXIT=1
 1 file changed, 4 insertions(+)
Push attempt 1 failed, retrying in 15s...
[main 42d3c22] ubelix run slurm_script 2026-06-08 23:25 NB_EXIT=1
 2 files changed, 7 insertions(+)
Push attempt 2 failed, retrying in 15s...
[main 7e25ea5] ubelix run slurm_script 2026-06-08 23:26 NB_EXIT=1
 2 files changed, 7 insertions(+)
Push attempt 3 failed, retrying in 15s...
[main 8a63e6f] ubelix run slurm_script 2026-06-08 23:26 NB_EXIT=1
 2 files changed, 7 insertions(+)
Push attempt 4 failed, retrying in 15s...
