[NbConvertApp] Converting notebook notebooks/17_neuralhydrology.ipynb to notebook
[31mERROR: pip's dependency resolver does not currently take into account all the packages that are installed. This behaviour is the source of the following dependency conflicts.
tensorboard 2.20.0 requires markdown>=2.6.8, which is not installed.
tensorboard 2.20.0 requires werkzeug>=1.0.1, which is not installed.[0m[31m
[0mTraceback (most recent call last):
  File "/software.9/software/Anaconda3/2024.02-1/bin/jupyter-nbconvert", line 11, in <module>
    sys.exit(main())
             ^^^^^^
  File "/software.9/software/Anaconda3/2024.02-1/lib/python3.11/site-packages/jupyter_core/application.py", line 280, in launch_instance
    super().launch_instance(argv=argv, **kwargs)
  File "/software.9/software/Anaconda3/2024.02-1/lib/python3.11/site-packages/traitlets/config/application.py", line 992, in launch_instance
    app.start()
  File "/software.9/software/Anaconda3/2024.02-1/lib/python3.11/site-packages/nbconvert/nbconvertapp.py", line 412, in start
    self.convert_notebooks()
  File "/software.9/software/Anaconda3/2024.02-1/lib/python3.11/site-packages/nbconvert/nbconvertapp.py", line 590, in convert_notebooks
    self.convert_single_notebook(notebook_filename)
  File "/software.9/software/Anaconda3/2024.02-1/lib/python3.11/site-packages/nbconvert/nbconvertapp.py", line 556, in convert_single_notebook
    output, resources = self.export_single_notebook(
                        ^^^^^^^^^^^^^^^^^^^^^^^^^^^^
  File "/software.9/software/Anaconda3/2024.02-1/lib/python3.11/site-packages/nbconvert/nbconvertapp.py", line 479, in export_single_notebook
    output, resources = self.exporter.from_filename(
                        ^^^^^^^^^^^^^^^^^^^^^^^^^^^^
  File "/software.9/software/Anaconda3/2024.02-1/lib/python3.11/site-packages/nbconvert/exporters/exporter.py", line 203, in from_filename
    return self.from_file(f, resources=resources, **kw)
           ^^^^^^^^^^^^^^^^^^^^^^^^^^^^^^^^^^^^^^^^^^^^
  File "/software.9/software/Anaconda3/2024.02-1/lib/python3.11/site-packages/nbconvert/exporters/exporter.py", line 222, in from_file
    return self.from_notebook_node(
           ^^^^^^^^^^^^^^^^^^^^^^^^
  File "/software.9/software/Anaconda3/2024.02-1/lib/python3.11/site-packages/nbconvert/exporters/notebook.py", line 36, in from_notebook_node
    nb_copy, resources = super().from_notebook_node(nb, resources, **kw)
                         ^^^^^^^^^^^^^^^^^^^^^^^^^^^^^^^^^^^^^^^^^^^^^^^
  File "/software.9/software/Anaconda3/2024.02-1/lib/python3.11/site-packages/nbconvert/exporters/exporter.py", line 156, in from_notebook_node
    nb_copy, resources = self._preprocess(nb_copy, resources)
                         ^^^^^^^^^^^^^^^^^^^^^^^^^^^^^^^^^^^^
  File "/software.9/software/Anaconda3/2024.02-1/lib/python3.11/site-packages/nbconvert/exporters/exporter.py", line 354, in _preprocess
    nbc, resc = preprocessor(nbc, resc)  # type:ignore[operator]
                ^^^^^^^^^^^^^^^^^^^^^^^
  File "/software.9/software/Anaconda3/2024.02-1/lib/python3.11/site-packages/nbconvert/preprocessors/base.py", line 48, in __call__
    return self.preprocess(nb, resources)
           ^^^^^^^^^^^^^^^^^^^^^^^^^^^^^^
  File "/software.9/software/Anaconda3/2024.02-1/lib/python3.11/site-packages/nbconvert/preprocessors/execute.py", line 102, in preprocess
    self.preprocess_cell(cell, resources, index)
  File "/software.9/software/Anaconda3/2024.02-1/lib/python3.11/site-packages/nbconvert/preprocessors/execute.py", line 123, in preprocess_cell
    cell = self.execute_cell(cell, index, store_history=True)
           ^^^^^^^^^^^^^^^^^^^^^^^^^^^^^^^^^^^^^^^^^^^^^^^^^^
  File "/software.9/software/Anaconda3/2024.02-1/lib/python3.11/site-packages/jupyter_core/utils/__init__.py", line 173, in wrapped
    return loop.run_until_complete(inner)
           ^^^^^^^^^^^^^^^^^^^^^^^^^^^^^^
  File "/software.9/software/Anaconda3/2024.02-1/lib/python3.11/asyncio/base_events.py", line 653, in run_until_complete
    return future.result()
           ^^^^^^^^^^^^^^^
  File "/software.9/software/Anaconda3/2024.02-1/lib/python3.11/site-packages/nbclient/client.py", line 1058, in async_execute_cell
    await self._check_raise_for_error(cell, cell_index, exec_reply)
  File "/software.9/software/Anaconda3/2024.02-1/lib/python3.11/site-packages/nbclient/client.py", line 914, in _check_raise_for_error
    raise CellExecutionError.from_cell_and_msg(cell, exec_reply_content)
nbclient.exceptions.CellExecutionError: An error occurred while executing the following cell:
------------------
from neuralhydrology.nh_run import start_run
from neuralhydrology.utils.config import Config

NH_RUN_DIR.mkdir(parents=True, exist_ok=True)
cfg = Config(NH_CONFIG)

print("Starting NeuralHydrology EA-LSTM training...")
print(f"  Gauges: {len(do_gauge_strs)}")
print(f"  Target: dissolved_oxygen")
print(f"  Static attributes: {len(attrs_df.columns)}")
print(f"  Hidden size: 128, Epochs: 30")

start_run(config_file=NH_CONFIG, gpu=0 if DEVICE=='cuda' else -1)
print("Training complete.")
------------------


[31m---------------------------------------------------------------------------[39m
[31mValueError[39m                                Traceback (most recent call last)
[36mCell[39m[36m [39m[32mIn[4][39m[32m, line 5[39m
[32m      2[39m [38;5;28;01mfrom[39;00m[38;5;250m [39m[34;01mneuralhydrology[39;00m[34;01m.[39;00m[34;01mutils[39;00m[34;01m.[39;00m[34;01mconfig[39;00m[38;5;250m [39m[38;5;28;01mimport[39;00m Config
[32m      4[39m NH_RUN_DIR.mkdir(parents=[38;5;28;01mTrue[39;00m, exist_ok=[38;5;28;01mTrue[39;00m)
[32m----> [39m[32m5[39m cfg = [43mConfig[49m[43m([49m[43mNH_CONFIG[49m[43m)[49m
[32m      7[39m [38;5;28mprint[39m([33m"[39m[33mStarting NeuralHydrology EA-LSTM training...[39m[33m"[39m)
[32m      8[39m [38;5;28mprint[39m([33mf[39m[33m"[39m[33m  Gauges: [39m[38;5;132;01m{[39;00m[38;5;28mlen[39m(do_gauge_strs)[38;5;132;01m}[39;00m[33m"[39m)

[36mFile [39m[32m~/.local/lib/python3.11/site-packages/neuralhydrology/utils/config.py:46[39m, in [36mConfig.__init__[39m[34m(self, yml_path_or_dict, dev_mode)[39m
[32m     44[39m [38;5;28;01mdef[39;00m[38;5;250m [39m[34m__init__[39m([38;5;28mself[39m, yml_path_or_dict: Union[Path, [38;5;28mdict[39m], dev_mode: [38;5;28mbool[39m = [38;5;28;01mFalse[39;00m):
[32m     45[39m     [38;5;28;01mif[39;00m [38;5;28misinstance[39m(yml_path_or_dict, Path):
[32m---> [39m[32m46[39m         [38;5;28mself[39m._cfg = [43mConfig[49m[43m.[49m[43m_read_and_parse_config[49m[43m([49m[43myml_path[49m[43m=[49m[43myml_path_or_dict[49m[43m)[49m
[32m     47[39m     [38;5;28;01melif[39;00m [38;5;28misinstance[39m(yml_path_or_dict, [38;5;28mdict[39m):
[32m     48[39m         [38;5;28mself[39m._cfg = Config._parse_config(yml_path_or_dict)

[36mFile [39m[32m~/.local/lib/python3.11/site-packages/neuralhydrology/utils/config.py:259[39m, in [36mConfig._read_and_parse_config[39m[34m(yml_path)[39m
[32m    257[39m [38;5;28;01melse[39;00m:
[32m    258[39m     [38;5;28;01mraise[39;00m [38;5;167;01mFileNotFoundError[39;00m(yml_path)
[32m--> [39m[32m259[39m cfg = [43mConfig[49m[43m.[49m[43m_parse_config[49m[43m([49m[43mcfg[49m[43m)[49m
[32m    261[39m [38;5;28;01mreturn[39;00m cfg

[36mFile [39m[32m~/.local/lib/python3.11/site-packages/neuralhydrology/utils/config.py:226[39m, in [36mConfig._parse_config[39m[34m(cfg)[39m
[32m    224[39m         cfg[key] = temp_list
[32m    225[39m     [38;5;28;01melse[39;00m:
[32m--> [39m[32m226[39m         cfg[key] = [43mpd[49m[43m.[49m[43mto_datetime[49m[43m([49m[43mval[49m[43m,[49m[43m [49m[38;5;28;43mformat[39;49m[43m=[49m[33;43m'[39;49m[38;5;132;43;01m%d[39;49;00m[33;43m/[39;49m[33;43m%[39;49m[33;43mm/[39;49m[33;43m%[39;49m[33;43mY[39;49m[33;43m'[39;49m[43m)[49m
[32m    228[39m [38;5;28;01melse[39;00m:
[32m    229[39m     [38;5;28;01mpass[39;00m

[36mFile [39m[32m~/.conda/envs/aareml/lib/python3.11/site-packages/pandas/core/tools/datetimes.py:1101[39m, in [36mto_datetime[39m[34m(arg, errors, dayfirst, yearfirst, utc, format, exact, unit, infer_datetime_format, origin, cache)[39m
[32m   1099[39m         result = convert_listlike(argc, [38;5;28mformat[39m)
[32m   1100[39m [38;5;28;01melse[39;00m:
[32m-> [39m[32m1101[39m     result = [43mconvert_listlike[49m[43m([49m[43mnp[49m[43m.[49m[43marray[49m[43m([49m[43m[[49m[43marg[49m[43m][49m[43m)[49m[43m,[49m[43m [49m[38;5;28;43mformat[39;49m[43m)[49m[[32m0[39m]
[32m   1102[39m     [38;5;28;01mif[39;00m [38;5;28misinstance[39m(arg, [38;5;28mbool[39m) [38;5;129;01mand[39;00m [38;5;28misinstance[39m(result, np.bool_):
[32m   1103[39m         result = [38;5;28mbool[39m(result)  [38;5;66;03m# TODO: avoid this kludge.[39;00m

[36mFile [39m[32m~/.conda/envs/aareml/lib/python3.11/site-packages/pandas/core/tools/datetimes.py:433[39m, in [36m_convert_listlike_datetimes[39m[34m(arg, format, name, utc, unit, errors, dayfirst, yearfirst, exact)[39m
[32m    431[39m [38;5;66;03m# `format` could be inferred, or user didn't ask for mixed-format parsing.[39;00m
[32m    432[39m [38;5;28;01mif[39;00m [38;5;28mformat[39m [38;5;129;01mis[39;00m [38;5;129;01mnot[39;00m [38;5;28;01mNone[39;00m [38;5;129;01mand[39;00m [38;5;28mformat[39m != [33m"[39m[33mmixed[39m[33m"[39m:
[32m--> [39m[32m433[39m     [38;5;28;01mreturn[39;00m [43m_array_strptime_with_fallback[49m[43m([49m[43marg[49m[43m,[49m[43m [49m[43mname[49m[43m,[49m[43m [49m[43mutc[49m[43m,[49m[43m [49m[38;5;28;43mformat[39;49m[43m,[49m[43m [49m[43mexact[49m[43m,[49m[43m [49m[43merrors[49m[43m)[49m
[32m    435[39m result, tz_parsed = objects_to_datetime64(
[32m    436[39m     arg,
[32m    437[39m     dayfirst=dayfirst,
[32m   (...)[39m[32m    441[39m     allow_object=[38;5;28;01mTrue[39;00m,
[32m    442[39m )
[32m    444[39m [38;5;28;01mif[39;00m tz_parsed [38;5;129;01mis[39;00m [38;5;129;01mnot[39;00m [38;5;28;01mNone[39;00m:
[32m    445[39m     [38;5;66;03m# We can take a shortcut since the datetime64 numpy array[39;00m
[32m    446[39m     [38;5;66;03m# is in UTC[39;00m

[36mFile [39m[32m~/.conda/envs/aareml/lib/python3.11/site-packages/pandas/core/tools/datetimes.py:467[39m, in [36m_array_strptime_with_fallback[39m[34m(arg, name, utc, fmt, exact, errors)[39m
[32m    456[39m [38;5;28;01mdef[39;00m[38;5;250m [39m[34m_array_strptime_with_fallback[39m(
[32m    457[39m     arg,
[32m    458[39m     name,
[32m   (...)[39m[32m    462[39m     errors: [38;5;28mstr[39m,
[32m    463[39m ) -> Index:
[32m    464[39m [38;5;250m    [39m[33;03m"""[39;00m
[32m    465[39m [33;03m    Call array_strptime, with fallback behavior depending on 'errors'.[39;00m
[32m    466[39m [33;03m    """[39;00m
[32m--> [39m[32m467[39m     result, tz_out = [43marray_strptime[49m[43m([49m[43marg[49m[43m,[49m[43m [49m[43mfmt[49m[43m,[49m[43m [49m[43mexact[49m[43m=[49m[43mexact[49m[43m,[49m[43m [49m[43merrors[49m[43m=[49m[43merrors[49m[43m,[49m[43m [49m[43mutc[49m[43m=[49m[43mutc[49m[43m)[49m
[32m    468[39m     [38;5;28;01mif[39;00m tz_out [38;5;129;01mis[39;00m [38;5;129;01mnot[39;00m [38;5;28;01mNone[39;00m:
[32m    469[39m         unit = np.datetime_data(result.dtype)[[32m0[39m]

[36mFile [39m[32mstrptime.pyx:501[39m, in [36mpandas._libs.tslibs.strptime.array_strptime[39m[34m()[39m

[36mFile [39m[32mstrptime.pyx:451[39m, in [36mpandas._libs.tslibs.strptime.array_strptime[39m[34m()[39m

[36mFile [39m[32mstrptime.pyx:583[39m, in [36mpandas._libs.tslibs.strptime._parse_with_format[39m[34m()[39m

[31mValueError[39m: time data "1981-01-01" doesn't match format "%d/%m/%Y", at position 0. You might want to try:
    - passing `format` if your strings have a consistent format;
    - passing `format='ISO8601'` if your strings are all ISO8601 but not necessarily in exactly the same format;
    - passing `format='mixed'`, and the format will be inferred for each element individually. You might want to use `dayfirst` alongside this.

