Job started: Mon Jun  8 11:34:16 PM CEST 2026
Node: gnode24
GPU: NVIDIA GeForce RTX 4090

Running notebook 10: Swiss Lakes EDA + LSTM...

Notebook 10 complete.
Job finished: Mon Jun  8 11:35:39 PM CEST 2026
[main d158f38] ubelix run slurm_script 2026-06-08 23:35
 5 files changed, 269 insertions(+)
 create mode 100644 logs/job_10_lakes_5617226.err
 create mode 100644 logs/job_10_lakes_5617226.out
[main ce79900] ubelix run slurm_script 2026-06-08 23:35 NB_EXIT=1
 1 file changed, 4 insertions(+)
Push attempt 1 failed, retrying in 15s...
[main d9ef369] ubelix run slurm_script 2026-06-08 23:36 NB_EXIT=1
 2 files changed, 7 insertions(+)
Push attempt 2 failed, retrying in 15s...
[main dbeaf5d] ubelix run slurm_script 2026-06-08 23:36 NB_EXIT=1
 2 files changed, 7 insertions(+)
Push attempt 3 failed, retrying in 15s...
[main 2b3b920] ubelix run slurm_script 2026-06-08 23:36 NB_EXIT=1
 2 files changed, 7 insertions(+)
Push attempt 4 failed, retrying in 15s...
[main 8646b88] ubelix run slurm_script 2026-06-08 23:36 NB_EXIT=1
 2 files changed, 7 insertions(+)
Push attempt 5 failed, retrying in 15s...
