Job started: Mon Jun  8 04:07:14 PM CEST 2026
Node: gnode31

Running notebook 06: Cross-Ecosystem Lake Mendota...

# Download LakeBeD-US data if not already present
# Ensure ME_daily_surface.csv exists (generated from 194 MB parquet)
if [ ! -f data/lakebed-us/ME_daily_surface.csv ]; then
    echo ME_daily_surface.csv not found — running download/processing...
    python3 download_data.py --lake-mendota
    echo LakeBeD step exit: 0
else
    echo LakeBeD data already exists: 
fi
# Verify the CSV is valid (not empty/corrupt)
if [ ! -s data/lakebed-us/ME_daily_surface.csv ]; then
    echo WARNING: ME_daily_surface.csv is empty — re-running download...
    rm -f data/lakebed-us/ME_daily_surface.csv
    python3 download_data.py --lake-mendota
fi

Notebook 06 complete.
Job finished: Mon Jun  8 04:08:41 PM CEST 2026
[main fe3fa6e] ubelix run slurm_script 2026-06-08 16:08
 3 files changed, 167 insertions(+)
 create mode 100644 logs/job_06_lake_mendota_5603914.err
 create mode 100644 logs/job_06_lake_mendota_5603914.out
