Job started: Tue Jun  9 01:14:23 AM CEST 2026
Node: gnode39
GPU: NVIDIA GeForce RTX 4090

Notebook 18 complete.
Job finished: Tue Jun  9 01:20:36 AM CEST 2026
[main 82c907b] ubelix run slurm_script 2026-06-09 01:20
 7 files changed, 183 insertions(+), 98 deletions(-)
 create mode 100644 logs/job_18_cascaded_5617234.err
 create mode 100644 logs/job_18_cascaded_5617234.out
[main acf0126] ubelix run slurm_script 2026-06-09 01:20 NB_EXIT=
 1 file changed, 4 insertions(+)
Push attempt 1 failed, retrying in 15s...
[main ebc310c] ubelix run slurm_script 2026-06-09 01:20 NB_EXIT=
 2 files changed, 7 insertions(+)
Push attempt 2 failed, retrying in 15s...
[main 1b8f051] ubelix run slurm_script 2026-06-09 01:21 NB_EXIT=
 2 files changed, 7 insertions(+)
Push attempt 3 failed, retrying in 15s...
[main dbd1fbc] ubelix run slurm_script 2026-06-09 01:21 NB_EXIT=
 2 files changed, 7 insertions(+)
Push attempt 4 failed, retrying in 15s...
[main f16f73b] ubelix run slurm_script 2026-06-09 01:21 NB_EXIT=
 2 files changed, 7 insertions(+)
Push attempt 5 failed, retrying in 15s...
