2026-06-05 23:51:58,150: Logging to /storage/homefs/tn20y076/AareML/results/nh_run/aareml_ealstm_0506_235158/output.log initialized.
2026-06-05 23:51:58,151: ### Folder structure created at /storage/homefs/tn20y076/AareML/results/nh_run/aareml_ealstm_0506_235158
2026-06-05 23:51:58,151: ### Run configurations for aareml_ealstm
2026-06-05 23:51:58,151: experiment_name: aareml_ealstm
2026-06-05 23:51:58,152: run_dir: /storage/homefs/tn20y076/AareML/results/nh_run/aareml_ealstm_0506_235158
2026-06-05 23:51:58,152: train_basin_file: /storage/homefs/tn20y076/AareML/data/nh_dataset/basins_train.txt
2026-06-05 23:51:58,152: validation_basin_file: /storage/homefs/tn20y076/AareML/data/nh_dataset/basins_val.txt
2026-06-05 23:51:58,152: test_basin_file: /storage/homefs/tn20y076/AareML/data/nh_dataset/basins_test.txt
2026-06-05 23:51:58,152: dataset: generic
2026-06-05 23:51:58,153: data_dir: /storage/homefs/tn20y076/AareML/data/nh_dataset
2026-06-05 23:51:58,153: dynamic_inputs: ['water_temperature', 'pH', 'EC', 'dissolved_oxygen']
2026-06-05 23:51:58,153: target_variables: ['dissolved_oxygen']
2026-06-05 23:51:58,153: static_attributes: ['log_area', 'elev_mean', 'aridity', 'p_mean', 'frac_snow', 'runoff_ratio', 'pet_mean', 'forest_frac', 'crop_frac', 'urban_frac']
2026-06-05 23:51:58,153: train_start_date: 1981-01-01 00:00:00
2026-06-05 23:51:58,154: train_end_date: 2014-12-31 00:00:00
2026-06-05 23:51:58,154: validation_start_date: 2015-01-01 00:00:00
2026-06-05 23:51:58,154: validation_end_date: 2016-12-31 00:00:00
2026-06-05 23:51:58,154: test_start_date: 2017-01-01 00:00:00
2026-06-05 23:51:58,154: test_end_date: 2020-12-31 00:00:00
2026-06-05 23:51:58,155: seq_length: 21
2026-06-05 23:51:58,155: predict_last_n: 14
2026-06-05 23:51:58,155: model: ealstm
2026-06-05 23:51:58,155: head: regression
2026-06-05 23:51:58,156: hidden_size: 128
2026-06-05 23:51:58,156: initial_forget_bias: 3
2026-06-05 23:51:58,156: output_dropout: 0.4
2026-06-05 23:51:58,156: batch_size: 256
2026-06-05 23:51:58,156: epochs: 30
2026-06-05 23:51:58,156: learning_rate: {0: 0.001, 10: 0.0005}
2026-06-05 23:51:58,156: loss: NSE
2026-06-05 23:51:58,157: metrics: ['NSE', 'RMSE', 'KGE']
2026-06-05 23:51:58,157: seed: 42
2026-06-05 23:51:58,157: device: cuda:0
2026-06-05 23:51:58,157: num_workers: 4
2026-06-05 23:51:58,158: number_of_basins: 16
2026-06-05 23:51:58,158: train_dir: /storage/homefs/tn20y076/AareML/results/nh_run/aareml_ealstm_0506_235158/train_data
2026-06-05 23:51:58,158: img_log_dir: /storage/homefs/tn20y076/AareML/results/nh_run/aareml_ealstm_0506_235158/img_log
2026-06-05 23:51:58,282: ### Device cuda:0 will be used for training
2026-06-05 23:51:58,628: Loading basin data into xarray data set.
2026-06-05 23:51:58,881: Calculating target variable stds per basin
2026-06-05 23:51:59,253: Create lookup table and convert to pytorch tensor
